Archive member included to satisfy reference by file (symbol)

../platform/libplatform_s.a(system_stm32l5xx.o)
                              CMakeFiles/tfm_s.dir/__/platform/ext/target/stm/common/stm32l5xx/Device/Source/startup_stm32l5xx_s.o (SystemInit)
../platform/libplatform_s.a(stm32l5xx_hal_dma.o)
                              CMakeFiles/tfm_s.dir/__/platform/ext/target/stm/common/stm32l5xx/hal/Src/stm32l5xx_hal_hash.o (HAL_DMA_Start_IT)
../platform/libplatform_s.a(stm32l5xx_hal_rcc_ex.o)
                              CMakeFiles/tfm_s.dir/__/platform/ext/target/stm/common/hal/Native_Driver/low_level_rng.o (HAL_RCCEx_PeriphCLKConfig)
../platform/libplatform_s.a(stm32l5xx_hal_gtzc.o)
                              CMakeFiles/tfm_s.dir/__/platform/ext/target/stm/TFM_FreeRTOS/aslr/stm32l5xx_it.o (HAL_GTZC_IRQHandler)
../platform/libplatform_s.a(stm32l5xx_hal_rng.o)
                              CMakeFiles/tfm_s.dir/__/platform/ext/target/stm/common/hal/Native_Driver/low_level_rng.o (HAL_RNG_Init)
../platform/libplatform_s.a(tfm_interrupts.o)
                              CMakeFiles/tfm_s.dir/__/generated/secure_fw/partitions/example_partition/auto_generated/load_info_tfm_example_partition.o (tfm_timer0_irq_init)
../platform/libplatform_s.a(aslr_heap.o)
                              CMakeFiles/tfm_s.dir/__/platform/ext/target/stm/TFM_FreeRTOS/aslr/stm32l5xx_it.o (pvPortMalloc_aslr)
../platform/libplatform_s.a(aslr_queue.o)
                              CMakeFiles/tfm_s.dir/__/platform/ext/target/stm/TFM_FreeRTOS/aslr/stm32l5xx_it.o (queue_sum_aslr)
../platform/libplatform_s.a(rand.o)
                              ../platform/libplatform_s.a(aslr_heap.o) (rand_generate)
../platform/libplatform_s.a(funcs.o)
                              CMakeFiles/tfm_s.dir/__/platform/ext/target/stm/TFM_FreeRTOS/aslr/stm32l5xx_it.o (funcs)
../platform/libplatform_s.a(ins_tool.o)
                              CMakeFiles/tfm_s.dir/__/platform/ext/target/stm/TFM_FreeRTOS/aslr/stm32l5xx_it.o (rd_recognize_aslr)
../platform/libplatform_s.a(stm32l5xx_hal_pwr.o)
                              ../platform/libplatform_s.a(stm32l5xx_hal_rcc_ex.o) (HAL_PWR_EnableBkUpAccess)
../platform/libplatform_s.a(stm32l5xx_hal_pwr_ex.o)
                              ../platform/libplatform_s.a(stm32l5xx_hal_pwr.o) (HAL_PWREx_EnableLowPowerRunMode)
../platform/libplatform_s.a(stm32l5xx_hal_gpio.o)
                              ../platform/libplatform_s.a(stm32l5xx_hal_rcc_ex.o) (HAL_GPIO_Init)
../platform/libplatform_s.a(stm32l5xx_hal_rcc.o)
                              ../platform/libplatform_s.a(stm32l5xx_hal_rcc_ex.o) (HAL_RCC_GetSysClockFreq)
../platform/libplatform_s.a(stm32l5xx_hal.o)
                              ../platform/libplatform_s.a(stm32l5xx_hal_rcc.o) (uwTickPrio)
../platform/libplatform_s.a(stm32l5xx_hal_cortex.o)
                              ../platform/libplatform_s.a(stm32l5xx_hal.o) (HAL_NVIC_SetPriorityGrouping)
partitions/lib/runtime/libtfm_sprt.a(crt_memset.o)
                              /usr/lib/gcc/arm-none-eabi/10.3.1/../../../arm-none-eabi/lib/thumb/v8-m.main/nofp/crt0.o (memset)
partitions/lib/runtime/libtfm_sprt.a(psa_api_ipc.o)
                              CMakeFiles/tfm_s.dir/partitions/ns_agent_tz/psa_api_veneers_v80m.o (psa_framework_version)
partitions/lib/runtime/libtfm_sprt.a(tfm_psa_call_pack.o)
                              CMakeFiles/tfm_s.dir/partitions/example_partition/tfm_example_partition_api.o (psa_call)
partitions/lib/runtime/libtfm_sprt.a(sprt_partition_metadata_indicator.o)
                              partitions/lib/runtime/libtfm_sprt.a(psa_api_ipc.o) (p_partition_metadata)
spm/libtfm_spm.a(utilities.o)
                              CMakeFiles/tfm_s.dir/__/platform/ext/common/faults.o (tfm_core_panic)
spm/libtfm_spm.a(main.o)      /usr/lib/gcc/arm-none-eabi/10.3.1/../../../arm-none-eabi/lib/thumb/v8-m.main/nofp/crt0.o (main)
spm/libtfm_spm.a(interrupt.o)
                              ../platform/libplatform_s.a(tfm_interrupts.o) (spm_handle_interrupt)
spm/libtfm_spm.a(tfm_core_svcalls_ipc.o)
                              spm/libtfm_spm.a(main.o) (tfm_core_handler_mode)
spm/libtfm_spm.a(thread.o)    spm/libtfm_spm.a(interrupt.o) (thrd_next)
spm/libtfm_spm.a(tfm_arch_v8m_main.o)
                              spm/libtfm_spm.a(main.o) (tfm_arch_set_secure_exception_priorities)
spm/libtfm_spm.a(tfm_hal_nvic.o)
                              spm/libtfm_spm.a(interrupt.o) (tfm_hal_irq_disable)
spm/libtfm_spm.a(ns_agent_tz_v80m.o)
                              CMakeFiles/tfm_s.dir/partitions/ns_agent_tz/load_info_ns_agent_tz.o (ns_agent_tz_main)
spm/libtfm_spm.a(idle_partition.o)
                              CMakeFiles/tfm_s.dir/partitions/idle_partition/load_info_idle_sp.o (tfm_idle_thread)
spm/libtfm_spm.a(tfm_hal_isolation.o)
                              spm/libtfm_spm.a(main.o) (tfm_hal_set_up_static_boundaries)
spm/libtfm_spm.a(tfm_hal_platform.o)
[...]
Memory Configuration

Name             Origin             Length             Attributes
FLASH            0x000000000c000000 0x000000000003a000 xr
RAM              0x0000000030020000 0x000000000001fc00 xrw
*default*        0x0000000000000000 0xffffffffffffffff

Linker script and memory map

LOAD /usr/lib/gcc/arm-none-eabi/10.3.1/thumb/v8-m.main/nofp/crti.o
LOAD /usr/lib/gcc/arm-none-eabi/10.3.1/thumb/v8-m.main/nofp/crtbegin.o
LOAD /usr/lib/gcc/arm-none-eabi/10.3.1/../../../arm-none-eabi/lib/thumb/v8-m.main/nofp/crt0.o
LOAD CMakeFiles/tfm_s.dir/partitions/ns_agent_tz/psa_api_veneers_v80m.o
LOAD CMakeFiles/tfm_s.dir/__/platform/ext/target/stm/common/hal/Native_Driver/tick.o
LOAD CMakeFiles/tfm_s.dir/__/platform/ext/target/stm/common/stm32l5xx/Device/Source/startup_stm32l5xx_s.o
LOAD CMakeFiles/tfm_s.dir/__/platform/ext/target/stm/TFM_FreeRTOS/aslr/stm32l5xx_it.o
LOAD CMakeFiles/tfm_s.dir/__/platform/ext/common/faults.o
LOAD CMakeFiles/tfm_s.dir/__/generated/secure_fw/partitions/crypto/auto_generated/load_info_tfm_crypto.o
LOAD CMakeFiles/tfm_s.dir/__/generated/secure_fw/partitions/internal_trusted_storage/auto_generated/load_info_tfm_internal_trusted_storage.o
LOAD CMakeFiles/tfm_s.dir/partitions/ns_agent_tz/load_info_ns_agent_tz.o
LOAD CMakeFiles/tfm_s.dir/__/generated/secure_fw/partitions/example_partition/auto_generated/load_info_tfm_example_partition.o
LOAD CMakeFiles/tfm_s.dir/partitions/idle_partition/load_info_idle_sp.o
LOAD CMakeFiles/tfm_s.dir/__/platform/ext/target/stm/common/stm32l5xx/hal/Src/stm32l5xx_hal_hash.o
LOAD CMakeFiles/tfm_s.dir/__/platform/ext/target/stm/common/stm32l5xx/hal/Src/stm32l5xx_hal_hash_ex.o
LOAD CMakeFiles/tfm_s.dir/__/platform/ext/target/stm/common/stm32l5xx/hal/Src/stm32l5xx_hal_pka.o
LOAD CMakeFiles/tfm_s.dir/__/platform/ext/target/stm/common/stm32l5xx/hal/Src/stm32l5xx_hal_cryp.o
LOAD CMakeFiles/tfm_s.dir/__/platform/ext/target/stm/common/stm32l5xx/hal/Src/stm32l5xx_hal_cryp_ex.o
LOAD CMakeFiles/tfm_s.dir/__/platform/ext/target/stm/common/hal/Native_Driver/low_level_rng.o
LOAD CMakeFiles/tfm_s.dir/partitions/example_partition/tfm_example_partition_api.o
LOAD ../platform/libplatform_s.a
LOAD partitions/lib/runtime/libtfm_sprt.a
LOAD spm/libtfm_spm.a
LOAD ../platform/libplatform_crypto_keys.a
LOAD partitions/crypto/mbedcrypto/library/libmbedcrypto.a
LOAD ../platform/ext/accelerator/libcrypto_service_crypto_hw.a
LOAD partitions/crypto/libtfm_psa_rot_partition_crypto.a
LOAD partitions/internal_trusted_storage/libtfm_psa_rot_partition_its.a
LOAD partitions/example_partition/libtfm_app_rot_partition_example.a
LOAD ../platform/libplatform_s.a
LOAD partitions/lib/runtime/libtfm_sprt.a
LOAD spm/libtfm_spm.a
LOAD ../platform/libplatform_crypto_keys.a
LOAD partitions/crypto/mbedcrypto/library/libmbedcrypto.a
LOAD ../platform/ext/accelerator/libcrypto_service_crypto_hw.a
LOAD partitions/crypto/libtfm_psa_rot_partition_crypto.a
LOAD partitions/internal_trusted_storage/libtfm_psa_rot_partition_its.a
LOAD partitions/example_partition/libtfm_app_rot_partition_example.a
LOAD ../platform/libplatform_s.a
LOAD partitions/lib/runtime/libtfm_sprt.a
LOAD spm/libtfm_spm.a
LOAD ../platform/libplatform_crypto_keys.a
LOAD partitions/crypto/mbedcrypto/library/libmbedcrypto.a
LOAD ../platform/ext/accelerator/libcrypto_service_crypto_hw.a
LOAD partitions/crypto/libtfm_psa_rot_partition_crypto.a
LOAD partitions/internal_trusted_storage/libtfm_psa_rot_partition_its.a
LOAD partitions/example_partition/libtfm_app_rot_partition_example.a
START GROUP
LOAD /usr/lib/gcc/arm-none-eabi/10.3.1/thumb/v8-m.main/nofp/libgcc.a
LOAD /usr/lib/gcc/arm-none-eabi/10.3.1/../../../arm-none-eabi/lib/thumb/v8-m.main/nofp/libc_nano.a
END GROUP
START GROUP
LOAD /usr/lib/gcc/arm-none-eabi/10.3.1/thumb/v8-m.main/nofp/libgcc.a
LOAD /usr/lib/gcc/arm-none-eabi/10.3.1/../../../arm-none-eabi/lib/thumb/v8-m.main/nofp/libc_nano.a
END GROUP
LOAD /usr/lib/gcc/arm-none-eabi/10.3.1/thumb/v8-m.main/nofp/crtend.o
LOAD /usr/lib/gcc/arm-none-eabi/10.3.1/thumb/v8-m.main/nofp/crtn.o
                0x0000000000000800                __msp_stack_size__ = 0x800
START GROUP
LOAD /usr/lib/gcc/arm-none-eabi/10.3.1/thumb/v8-m.main/nofp/libgcc.a
LOAD /usr/lib/gcc/arm-none-eabi/10.3.1/../../../arm-none-eabi/lib/thumb/v8-m.main/nofp/libc.a
LOAD /usr/lib/gcc/arm-none-eabi/10.3.1/../../../arm-none-eabi/lib/thumb/v8-m.main/nofp/libm.a
LOAD /usr/lib/gcc/arm-none-eabi/10.3.1/../../../arm-none-eabi/lib/thumb/v8-m.main/nofp/libnosys.a
LOAD /usr/lib/gcc/arm-none-eabi/10.3.1/../../../arm-none-eabi/lib/thumb/v8-m.main/nofp/libc_nano.a
END GROUP

.TFM_VECTORS    0x000000000c000000      0x1f4
                0x000000000c000000                __vectors_start__ = .
 *(.vectors)
 .vectors       0x000000000c000000      0x1f4 CMakeFiles/tfm_s.dir/__/platform/ext/target/stm/common/stm32l5xx/Device/Source/startup_stm32l5xx_s.o
                0x000000000c000000                __Vectors
                0x000000000c0001f4                . = ALIGN (0x4)
                0x000000000c0001f4                __vectors_end__ = .
                0x0000000000000001                ASSERT ((. <= (ADDR (.TFM_VECTORS) + 0x1f4)), .TFM_VECTORS section size overflow.)
                0x000000000c0001f4                . = (ADDR (.TFM_VECTORS) + 0x1f4)

.gnu.sgstubs    0x000000000c000200       0x40
 *(.gnu.sgstubs*)
 .gnu.sgstubs.__stub
                0x000000000c000200       0x28 linker stubs
                0x000000000c000200                tfm_psa_framework_version_veneer
                0x000000000c000208                tfm_psa_version_veneer
                0x000000000c000210                tfm_psa_close_veneer
                0x000000000c000218                tfm_psa_connect_veneer
                0x000000000c000220                tfm_psa_call_veneer

.sgstubs_end    0x000000000c000240        0x0

.copy.table     0x000000000c000240       0x24
                0x000000000c000240                __copy_table_start__ = .
                0x000000000c000240        0x4 LONG 0xc01c834 LOADADDR (.TFM_DATA)
                0x000000000c000244        0x4 LONG 0x30028fe0 ADDR (.TFM_DATA)
                0x000000000c000248        0x4 LONG 0x53c (SIZEOF (.TFM_DATA) / 0x4)
                0x000000000c00024c        0x4 LONG 0xc006e40 LOADADDR (.TFM_PSA_ROT_LINKER_DATA)
                0x000000000c000250        0x4 LONG 0x30020e80 ADDR (.TFM_PSA_ROT_LINKER_DATA)
                0x000000000c000254        0x4 LONG 0x7 (SIZEOF (.TFM_PSA_ROT_LINKER_DATA) / 0x4)
                0x000000000c000258        0x4 LONG 0xc006de0 LOADADDR (.TFM_APP_ROT_LINKER_DATA)
                0x000000000c00025c        0x4 LONG 0x30020c20 ADDR (.TFM_APP_ROT_LINKER_DATA)
                0x000000000c000260        0x4 LONG 0x15 (SIZEOF (.TFM_APP_ROT_LINKER_DATA) / 0x4)
                0x000000000c000264                __copy_table_end__ = .

.zero.table     0x000000000c000264       0x20
                0x000000000c000264                __zero_table_start__ = .
                0x000000000c000264        0x4 LONG 0x3002a4e0 ADDR (.TFM_BSS)
                0x000000000c000268        0x4 LONG 0xe71 (SIZEOF (.TFM_BSS) / 0x4)
                0x000000000c00026c        0x4 LONG 0x30020ea0 ADDR (.TFM_PSA_ROT_LINKER_BSS)
                0x000000000c000270        0x4 LONG 0x2050 (SIZEOF (.TFM_PSA_ROT_LINKER_BSS) / 0x4)
                0x000000000c000274        0x4 LONG 0x30020c78 ADDR (.TFM_APP_ROT_LINKER_BSS)
                0x000000000c000278        0x4 LONG 0x82 (SIZEOF (.TFM_APP_ROT_LINKER_BSS) / 0x4)
                0x000000000c00027c        0x4 LONG 0x30020c00 ADDR (.TFM_SP_META_PTR)
                0x000000000c000280        0x4 LONG 0x8 (SIZEOF (.TFM_SP_META_PTR) / 0x4)
                0x000000000c000284                __zero_table_end__ = .

.TFM_SP_LOAD_LIST
                0x000000000c000284      0x160
 *(.part_load_priority_lowest)
 .part_load_priority_lowest
                0x000000000c000284       0x30 CMakeFiles/tfm_s.dir/partitions/ns_agent_tz/load_info_ns_agent_tz.o
                0x000000000c000284                tfm_sp_ns_agent_tz_load
 .part_load_priority_lowest
                0x000000000c0002b4       0x30 CMakeFiles/tfm_s.dir/partitions/idle_partition/load_info_idle_sp.o
                0x000000000c0002b4                tfm_sp_idle_load
 *(.part_load_priority_low)
 *(.part_load_priority_normal)
 .part_load_priority_normal
                0x000000000c0002e4       0x4c CMakeFiles/tfm_s.dir/__/generated/secure_fw/partitions/crypto/auto_generated/load_info_tfm_crypto.o
                0x000000000c0002e4                tfm_sp_crypto_load
 .part_load_priority_normal
                0x000000000c000330       0x48 CMakeFiles/tfm_s.dir/__/generated/secure_fw/partitions/internal_trusted_storage/auto_generated/load_info_tfm_internal_trusted_storage.o
                0x000000000c000330                tfm_sp_its_load
 .part_load_priority_normal
                0x000000000c000378       0x6c CMakeFiles/tfm_s.dir/__/generated/secure_fw/partitions/example_partition/auto_generated/load_info_tfm_example_partition.o
                0x000000000c000378                tfm_sp_example_load
 *(.part_load_priority_high)
                0x000000000c000284                Image$$TFM_SP_LOAD_LIST$$RO$$Base = ADDR (.TFM_SP_LOAD_LIST)
                0x000000000c0003e4                Image$$TFM_SP_LOAD_LIST$$RO$$Limit = (ADDR (.TFM_SP_LOAD_LIST) + SIZEOF (.TFM_SP_LOAD_LIST))
                0x000000000c000400                . = ALIGN (0x20)
                0x000000000c000400                Image$$TFM_PSA_CODE_START$$Base = .

.TFM_PSA_ROT_LINKER
                0x000000000c000400     0x21c0
 *tfm_psa_rot_partition*:*(.text*)
 .text.tfm_crypto_clear_scratch
                0x000000000c000400       0x20 partitions/crypto/libtfm_psa_rot_partition_crypto.a(crypto_init.o)
 .text.tfm_crypto_get_caller_id
                0x000000000c000420       0x10 partitions/crypto/libtfm_psa_rot_partition_crypto.a(crypto_init.o)
                0x000000000c000420                tfm_crypto_get_caller_id
 .text.tfm_crypto_init
                0x000000000c000430       0x26 partitions/crypto/libtfm_psa_rot_partition_crypto.a(crypto_init.o)
                0x000000000c000430                tfm_crypto_init
 *fill*         0x000000000c000456        0x2 
 .text.tfm_crypto_api_dispatcher
                0x000000000c000458       0xa4 partitions/crypto/libtfm_psa_rot_partition_crypto.a(crypto_init.o)
                0x000000000c000458                tfm_crypto_api_dispatcher
 .text.tfm_crypto_sfn
                0x000000000c0004fc      0x168 partitions/crypto/libtfm_psa_rot_partition_crypto.a(crypto_init.o)
                0x000000000c0004fc                tfm_crypto_sfn
 .text.tfm_crypto_init_alloc
                0x000000000c000664       0x18 partitions/crypto/libtfm_psa_rot_partition_crypto.a(crypto_alloc.o)
                0x000000000c000664                tfm_crypto_init_alloc
 .text.tfm_crypto_operation_alloc
                0x000000000c00067c       0x68 partitions/crypto/libtfm_psa_rot_partition_crypto.a(crypto_alloc.o)
                0x000000000c00067c                tfm_crypto_operation_alloc
 .text.tfm_crypto_operation_release
                0x000000000c0006e4       0x5c partitions/crypto/libtfm_psa_rot_partition_crypto.a(crypto_alloc.o)
                0x000000000c0006e4                tfm_crypto_operation_release
 .text.tfm_crypto_operation_lookup
                0x000000000c000740       0x54 partitions/crypto/libtfm_psa_rot_partition_crypto.a(crypto_alloc.o)
                0x000000000c000740                tfm_crypto_operation_lookup
 .text.tfm_crypto_cipher_interface
                0x000000000c000794      0x166 partitions/crypto/libtfm_psa_rot_partition_crypto.a(crypto_cipher.o)
                0x000000000c000794                tfm_crypto_cipher_interface
 .text.tfm_crypto_hash_interface
                0x000000000c0008fa      0x138 partitions/crypto/libtfm_psa_rot_partition_crypto.a(crypto_hash.o)
                0x000000000c0008fa                tfm_crypto_hash_interface
 .text.tfm_crypto_mac_interface
                0x000000000c000a32      0x14c partitions/crypto/libtfm_psa_rot_partition_crypto.a(crypto_mac.o)
                0x000000000c000a32                tfm_crypto_mac_interface
 .text.tfm_crypto_aead_interface
                0x000000000c000b7e      0x1e8 partitions/crypto/libtfm_psa_rot_partition_crypto.a(crypto_aead.o)
                0x000000000c000b7e                tfm_crypto_aead_interface
 .text.tfm_crypto_asymmetric_sign_interface
                0x000000000c000d66       0xb4 partitions/crypto/libtfm_psa_rot_partition_crypto.a(crypto_asymmetric.o)
                0x000000000c000d66                tfm_crypto_asymmetric_sign_interface
 .text.tfm_crypto_asymmetric_encrypt_interface
                0x000000000c000e1a       0x80 partitions/crypto/libtfm_psa_rot_partition_crypto.a(crypto_asymmetric.o)
                0x000000000c000e1a                tfm_crypto_asymmetric_encrypt_interface
 .text.tfm_crypto_key_derivation_interface
                0x000000000c000e9a      0x188 partitions/crypto/libtfm_psa_rot_partition_crypto.a(crypto_key_derivation.o)
                0x000000000c000e9a                tfm_crypto_key_derivation_interface
 .text.tfm_crypto_key_management_interface
                0x000000000c001022      0x1c6 partitions/crypto/libtfm_psa_rot_partition_crypto.a(crypto_key_management.o)
                0x000000000c001022                tfm_crypto_key_management_interface
 .text.tfm_crypto_random_interface
                0x000000000c0011e8        0x8 partitions/crypto/libtfm_psa_rot_partition_crypto.a(crypto_rng.o)
                0x000000000c0011e8                tfm_crypto_random_interface
 .text.tfm_crypto_library_key_id_init
                0x000000000c0011f0        0x6 partitions/crypto/libtfm_psa_rot_partition_crypto.a(crypto_library.o)
                0x000000000c0011f0                tfm_crypto_library_key_id_init
 *fill*         0x000000000c0011f6        0x2 
 .text.tfm_crypto_library_get_info
                0x000000000c0011f8       0x1c partitions/crypto/libtfm_psa_rot_partition_crypto.a(crypto_library.o)
                0x000000000c0011f8                tfm_crypto_library_get_info
 .text.tfm_crypto_core_library_init
                0x000000000c001214       0x14 partitions/crypto/libtfm_psa_rot_partition_crypto.a(crypto_library.o)
                0x000000000c001214                tfm_crypto_core_library_init
 .text.tfm_crypto_core_library_key_attributes_from_client
                0x000000000c001228       0x56 partitions/crypto/libtfm_psa_rot_partition_crypto.a(crypto_library.o)
                0x000000000c001228                tfm_crypto_core_library_key_attributes_from_client
 .text.tfm_crypto_core_library_key_attributes_to_client
                0x000000000c00127e       0x24 partitions/crypto/libtfm_psa_rot_partition_crypto.a(crypto_library.o)
                0x000000000c00127e                tfm_crypto_core_library_key_attributes_to_client
 .text.mbedtls_psa_platform_get_builtin_key
                0x000000000c0012a2       0x48 partitions/crypto/libtfm_psa_rot_partition_crypto.a(crypto_library.o)
                0x000000000c0012a2                mbedtls_psa_platform_get_builtin_key
 .text.tfm_its_entry
                0x000000000c0012ea        0x4 partitions/internal_trusted_storage/libtfm_psa_rot_partition_its.a(tfm_its_req_mngr.o)
                0x000000000c0012ea                tfm_its_entry
 *fill*         0x000000000c0012ee        0x2 
 .text.tfm_internal_trusted_storage_service_sfn
                0x000000000c0012f0      0x118 partitions/internal_trusted_storage/libtfm_psa_rot_partition_its.a(tfm_its_req_mngr.o)
                0x000000000c0012f0                tfm_internal_trusted_storage_service_sfn
 .text.its_req_mngr_read
                0x000000000c001408       0x14 partitions/internal_trusted_storage/libtfm_psa_rot_partition_its.a(tfm_its_req_mngr.o)
                0x000000000c001408                its_req_mngr_read
 .text.its_req_mngr_write
                0x000000000c00141c       0x14 partitions/internal_trusted_storage/libtfm_psa_rot_partition_its.a(tfm_its_req_mngr.o)
                0x000000000c00141c                its_req_mngr_write
 .text.get_file_info
                0x000000000c001430       0x50 partitions/internal_trusted_storage/libtfm_psa_rot_partition_its.a(tfm_internal_trusted_storage.o)
 .text.tfm_its_init
                0x000000000c001480       0x84 partitions/internal_trusted_storage/libtfm_psa_rot_partition_its.a(tfm_internal_trusted_storage.o)
                0x000000000c001480                tfm_its_init
 .text.tfm_its_set
                0x000000000c001504       0x98 partitions/internal_trusted_storage/libtfm_psa_rot_partition_its.a(tfm_internal_trusted_storage.o)
                0x000000000c001504                tfm_its_set
 .text.tfm_its_get
                0x000000000c00159c       0x94 partitions/internal_trusted_storage/libtfm_psa_rot_partition_its.a(tfm_internal_trusted_storage.o)
                0x000000000c00159c                tfm_its_get
 .text.tfm_its_get_info
                0x000000000c001630       0x24 partitions/internal_trusted_storage/libtfm_psa_rot_partition_its.a(tfm_internal_trusted_storage.o)
                0x000000000c001630                tfm_its_get_info
 .text.tfm_its_remove
                0x000000000c001654       0x38 partitions/internal_trusted_storage/libtfm_psa_rot_partition_its.a(tfm_internal_trusted_storage.o)
                0x000000000c001654                tfm_its_remove
 .text.its_flash_ram_init
                0x000000000c00168c        0x4 partitions/internal_trusted_storage/libtfm_psa_rot_partition_its.a(its_flash_ram.o)
 .text.its_flash_ram_flush
                0x000000000c001690        0x4 partitions/internal_trusted_storage/libtfm_psa_rot_partition_its.a(its_flash_ram.o)
 .text.its_flash_ram_erase
                0x000000000c001694       0x16 partitions/internal_trusted_storage/libtfm_psa_rot_partition_its.a(its_flash_ram.o)
 .text.its_flash_ram_write
                0x000000000c0016aa       0x1a partitions/internal_trusted_storage/libtfm_psa_rot_partition_its.a(its_flash_ram.o)
 .text.its_flash_ram_read
                0x000000000c0016c4       0x1a partitions/internal_trusted_storage/libtfm_psa_rot_partition_its.a(its_flash_ram.o)
 .text.its_flash_fs_delete_idx
                0x000000000c0016de       0xe6 partitions/internal_trusted_storage/libtfm_psa_rot_partition_its.a(its_flash_fs.o)
 .text.its_flash_fs_init_ctx
                0x000000000c0017c4       0x76 partitions/internal_trusted_storage/libtfm_psa_rot_partition_its.a(its_flash_fs.o)
                0x000000000c0017c4                its_flash_fs_init_ctx
 .text.its_flash_fs_prepare
                0x000000000c00183a       0x34 partitions/internal_trusted_storage/libtfm_psa_rot_partition_its.a(its_flash_fs.o)
                0x000000000c00183a                its_flash_fs_prepare
 .text.its_flash_fs_wipe_all
                0x000000000c00186e        0x4 partitions/internal_trusted_storage/libtfm_psa_rot_partition_its.a(its_flash_fs.o)
                0x000000000c00186e                its_flash_fs_wipe_all
 .text.its_flash_fs_file_get_info
                0x000000000c001872       0x28 partitions/internal_trusted_storage/libtfm_psa_rot_partition_its.a(its_flash_fs.o)
                0x000000000c001872                its_flash_fs_file_get_info
 .text.its_flash_fs_file_write
                0x000000000c00189a      0x1ee partitions/internal_trusted_storage/libtfm_psa_rot_partition_its.a(its_flash_fs.o)
                0x000000000c00189a                its_flash_fs_file_write
 .text.its_flash_fs_file_delete
                0x000000000c001a88       0x20 partitions/internal_trusted_storage/libtfm_psa_rot_partition_its.a(its_flash_fs.o)
                0x000000000c001a88                its_flash_fs_file_delete
 .text.its_flash_fs_file_read
                0x000000000c001aa8       0x42 partitions/internal_trusted_storage/libtfm_psa_rot_partition_its.a(its_flash_fs.o)
                0x000000000c001aa8                its_flash_fs_file_read
 .text.its_flash_fs_dblock_compact_block
                0x000000000c001aea       0xaa partitions/internal_trusted_storage/libtfm_psa_rot_partition_its.a(its_flash_fs_dblock.o)
                0x000000000c001aea                its_flash_fs_dblock_compact_block
 .text.its_flash_fs_dblock_read_file
                0x000000000c001b94       0x42 partitions/internal_trusted_storage/libtfm_psa_rot_partition_its.a(its_flash_fs_dblock.o)
                0x000000000c001b94                its_flash_fs_dblock_read_file
 .text.its_flash_fs_dblock_write_file
                0x000000000c001bd6       0x82 partitions/internal_trusted_storage/libtfm_psa_rot_partition_its.a(its_flash_fs_dblock.o)
                0x000000000c001bd6                its_flash_fs_dblock_write_file
 .text.its_mblock_update_scratch_block_meta
                0x000000000c001c58       0x18 partitions/internal_trusted_storage/libtfm_psa_rot_partition_its.a(its_flash_fs_mblock.o)
 .text.its_mblock_write_scratch_meta_header
                0x000000000c001c70       0x30 partitions/internal_trusted_storage/libtfm_psa_rot_partition_its.a(its_flash_fs_mblock.o)
 .text.its_mblock_erase_scratch_blocks
                0x000000000c001ca0       0x28 partitions/internal_trusted_storage/libtfm_psa_rot_partition_its.a(its_flash_fs_mblock.o)
 .text.its_mblock_validate_header_meta.constprop.0
                0x000000000c001cc8       0x28 partitions/internal_trusted_storage/libtfm_psa_rot_partition_its.a(its_flash_fs_mblock.o)
 .text.its_init_get_active_metablock
                0x000000000c001cf0       0xb0 partitions/internal_trusted_storage/libtfm_psa_rot_partition_its.a(its_flash_fs_mblock.o)
 .text.its_mblock_file_meta_offset.isra.0
                0x000000000c001da0       0x14 partitions/internal_trusted_storage/libtfm_psa_rot_partition_its.a(its_flash_fs_mblock.o)
 .text.its_flash_fs_mblock_cur_data_scratch_id
                0x000000000c001db4        0xa partitions/internal_trusted_storage/libtfm_psa_rot_partition_its.a(its_flash_fs_mblock.o)
                0x000000000c001db4                its_flash_fs_mblock_cur_data_scratch_id
 .text.its_flash_fs_mblock_meta_update_finalize
                0x000000000c001dbe       0x2a partitions/internal_trusted_storage/libtfm_psa_rot_partition_its.a(its_flash_fs_mblock.o)
                0x000000000c001dbe                its_flash_fs_mblock_meta_update_finalize
 .text.its_flash_fs_mblock_read_file_meta
                0x000000000c001de8       0x20 partitions/internal_trusted_storage/libtfm_psa_rot_partition_its.a(its_flash_fs_mblock.o)
                0x000000000c001de8                its_flash_fs_mblock_read_file_meta
 .text.its_flash_fs_mblock_get_file_idx_meta
                0x000000000c001e08       0x5e partitions/internal_trusted_storage/libtfm_psa_rot_partition_its.a(its_flash_fs_mblock.o)
                0x000000000c001e08                its_flash_fs_mblock_get_file_idx_meta
 .text.its_flash_fs_mblock_get_file_idx_flag
                0x000000000c001e66       0x3c partitions/internal_trusted_storage/libtfm_psa_rot_partition_its.a(its_flash_fs_mblock.o)
                0x000000000c001e66                its_flash_fs_mblock_get_file_idx_flag
 .text.its_flash_fs_mblock_read_block_metadata
                0x000000000c001ea2       0x18 partitions/internal_trusted_storage/libtfm_psa_rot_partition_its.a(its_flash_fs_mblock.o)
                0x000000000c001ea2                its_flash_fs_mblock_read_block_metadata
 .text.its_flash_fs_mblock_reserve_file
                0x000000000c001eba       0xcc partitions/internal_trusted_storage/libtfm_psa_rot_partition_its.a(its_flash_fs_mblock.o)
                0x000000000c001eba                its_flash_fs_mblock_reserve_file
 .text.its_flash_fs_mblock_set_data_scratch
                0x000000000c001f86        0x6 partitions/internal_trusted_storage/libtfm_psa_rot_partition_its.a(its_flash_fs_mblock.o)
                0x000000000c001f86                its_flash_fs_mblock_set_data_scratch
 .text.its_flash_fs_mblock_update_scratch_file_meta
                0x000000000c001f8c       0x20 partitions/internal_trusted_storage/libtfm_psa_rot_partition_its.a(its_flash_fs_mblock.o)
                0x000000000c001f8c                its_flash_fs_mblock_update_scratch_file_meta
 .text.its_flash_fs_mblock_reset_metablock
                0x000000000c001fac      0x11e partitions/internal_trusted_storage/libtfm_psa_rot_partition_its.a(its_flash_fs_mblock.o)
                0x000000000c001fac                its_flash_fs_mblock_reset_metablock
 .text.its_flash_fs_block_to_block_move
                0x000000000c0020ca       0x5c partitions/internal_trusted_storage/libtfm_psa_rot_partition_its.a(its_flash_fs_mblock.o)
                0x000000000c0020ca                its_flash_fs_block_to_block_move
 .text.its_flash_fs_mblock_cp_file_meta
                0x000000000c002126       0x2c partitions/internal_trusted_storage/libtfm_psa_rot_partition_its.a(its_flash_fs_mblock.o)
                0x000000000c002126                its_flash_fs_mblock_cp_file_meta
 .text.its_flash_fs_mblock_init
                0x000000000c002152       0xb8 partitions/internal_trusted_storage/libtfm_psa_rot_partition_its.a(its_flash_fs_mblock.o)
                0x000000000c002152                its_flash_fs_mblock_init
 .text.its_flash_fs_mblock_migrate_lb0_data_to_scratch
                0x000000000c00220a       0x2e partitions/internal_trusted_storage/libtfm_psa_rot_partition_its.a(its_flash_fs_mblock.o)
                0x000000000c00220a                its_flash_fs_mblock_migrate_lb0_data_to_scratch
 .text.its_flash_fs_mblock_update_scratch_block_meta
                0x000000000c002238       0x7e partitions/internal_trusted_storage/libtfm_psa_rot_partition_its.a(its_flash_fs_mblock.o)
                0x000000000c002238                its_flash_fs_mblock_update_scratch_block_meta
 .text.its_utils_check_contained_in
                0x000000000c0022b6       0x18 partitions/internal_trusted_storage/libtfm_psa_rot_partition_its.a(its_utils.o)
                0x000000000c0022b6                its_utils_check_contained_in
 .text.its_utils_validate_fid
                0x000000000c0022ce       0x1a partitions/internal_trusted_storage/libtfm_psa_rot_partition_its.a(its_utils.o)
                0x000000000c0022ce                its_utils_validate_fid
 .text.tfm_builtin_key_loader_init
                0x000000000c0022e8      0x104 partitions/crypto/libtfm_psa_rot_partition_crypto.a(tfm_builtin_key_loader.o)
                0x000000000c0022e8                tfm_builtin_key_loader_init
 .text.tfm_builtin_key_loader_get_key_buffer_size
                0x000000000c0023ec       0x5c partitions/crypto/libtfm_psa_rot_partition_crypto.a(tfm_builtin_key_loader.o)
                0x000000000c0023ec                tfm_builtin_key_loader_get_key_buffer_size
 .text.tfm_builtin_key_loader_get_builtin_key
                0x000000000c002448      0x148 partitions/crypto/libtfm_psa_rot_partition_crypto.a(tfm_builtin_key_loader.o)
                0x000000000c002448                tfm_builtin_key_loader_get_builtin_key
 *tfm_psa_rot_partition*:*(.rodata*)
 .rodata.tfm_crypto_library_get_info.str1.1
                0x000000000c002590        0xf partitions/crypto/libtfm_psa_rot_partition_crypto.a(crypto_library.o)
 *fill*         0x000000000c00259f        0x1 
 .rodata.its_flash_fs_ops_ram
                0x000000000c0025a0       0x14 partitions/internal_trusted_storage/libtfm_psa_rot_partition_its.a(its_flash_ram.o)
                0x000000000c0025a0                its_flash_fs_ops_ram
 *(TFM_*_PSA-ROT_ATTR_FN)
                0x000000000c0025c0                . = ALIGN (0x20)
 *fill*         0x000000000c0025b4        0xc 
                0x000000000c000400                Image$$TFM_PSA_ROT_LINKER$$RO$$Base = ADDR (.TFM_PSA_ROT_LINKER)
                0x000000000c0025c0                Image$$TFM_PSA_ROT_LINKER$$RO$$Limit = (ADDR (.TFM_PSA_ROT_LINKER) + SIZEOF (.TFM_PSA_ROT_LINKER))
                0x000000000c000400                Image$$TFM_PSA_ROT_LINKER$$Base = ADDR (.TFM_PSA_ROT_LINKER)
                0x000000000c0025c0                Image$$TFM_PSA_ROT_LINKER$$Limit = (ADDR (.TFM_PSA_ROT_LINKER) + SIZEOF (.TFM_PSA_ROT_LINKER))
                0x000000000c0025c0                Image$$TFM_PSA_CODE_END$$Base = .
                0x000000000c0025c0                Image$$TFM_APP_CODE_START$$Base = .

.TFM_APP_ROT_LINKER
                0x000000000c0025c0      0x180
 *tfm_app_rot_partition*:*(.text*)
 .text.tfm_example_partition_main
                0x000000000c0025c0       0x90 partitions/example_partition/libtfm_app_rot_partition_example.a(tfm_example_partition.o)
                0x000000000c0025c0                tfm_example_partition_main
 .text.mpu_armv8m_region_enable
                0x000000000c002650       0x60 partitions/example_partition/libtfm_app_rot_partition_example.a(mpu.o)
                0x000000000c002650                mpu_armv8m_region_enable
 .text.mpu_armv8m_enable
                0x000000000c0026b0       0x30 partitions/example_partition/libtfm_app_rot_partition_example.a(mpu.o)
                0x000000000c0026b0                mpu_armv8m_enable
 .text.mpu_enable
                0x000000000c0026e0       0x58 partitions/example_partition/libtfm_app_rot_partition_example.a(mpu.o)
                0x000000000c0026e0                mpu_enable
 *tfm_app_rot_partition*:*(.rodata*)
 *(TFM_*_APP-ROT_ATTR_FN)
                0x000000000c002740                . = ALIGN (0x20)
 *fill*         0x000000000c002738        0x8 
                0x000000000c0025c0                Image$$TFM_APP_ROT_LINKER$$RO$$Base = ADDR (.TFM_APP_ROT_LINKER)
                0x000000000c002740                Image$$TFM_APP_ROT_LINKER$$RO$$Limit = (ADDR (.TFM_APP_ROT_LINKER) + SIZEOF (.TFM_APP_ROT_LINKER))
                0x000000000c0025c0                Image$$TFM_APP_ROT_LINKER$$Base = ADDR (.TFM_APP_ROT_LINKER)
                0x000000000c002740                Image$$TFM_APP_ROT_LINKER$$Limit = (ADDR (.TFM_APP_ROT_LINKER) + SIZEOF (.TFM_APP_ROT_LINKER))
                0x000000000c002740                Image$$TFM_APP_CODE_END$$Base = .

.ARM.extab
 *(.ARM.extab* .gnu.linkonce.armextab.*)
                0x000000000c002740                __exidx_start = .

.ARM.exidx      0x000000000c002740        0x8
 *(.ARM.exidx* .gnu.linkonce.armexidx.*)
 .ARM.exidx     0x000000000c002740        0x8 /usr/lib/gcc/arm-none-eabi/10.3.1/../../../arm-none-eabi/lib/thumb/v8-m.main/nofp/crt0.o
                                         0x10 (size before relaxing)
 .ARM.exidx     0x000000000c002748        0x0 /usr/lib/gcc/arm-none-eabi/10.3.1/thumb/v8-m.main/nofp/libgcc.a(_udivmoddi4.o)
                                          0x8 (size before relaxing)
                0x000000000c002748                __exidx_end = .

.ER_TFM_CODE    0x000000000c002748     0x4690
 *startup*(.text*)
 .text.DebugMon_Handler
                0x000000000c002748        0x2 CMakeFiles/tfm_s.dir/__/platform/ext/target/stm/common/stm32l5xx/Device/Source/startup_stm32l5xx_s.o
                0x000000000c002748                DebugMon_Handler
 .text.SysTick_Handler
                0x000000000c00274a        0x2 CMakeFiles/tfm_s.dir/__/platform/ext/target/stm/common/stm32l5xx/Device/Source/startup_stm32l5xx_s.o
                0x000000000c00274a                SysTick_Handler
 .text.WWDG_IRQHandler
                0x000000000c00274c        0x2 CMakeFiles/tfm_s.dir/__/platform/ext/target/stm/common/stm32l5xx/Device/Source/startup_stm32l5xx_s.o
                0x000000000c00274c                WWDG_IRQHandler
 .text.PVD_PVM_IRQHandler
                0x000000000c00274e        0x2 CMakeFiles/tfm_s.dir/__/platform/ext/target/stm/common/stm32l5xx/Device/Source/startup_stm32l5xx_s.o
                0x000000000c00274e                PVD_PVM_IRQHandler
 .text.RTC_IRQHandler
                0x000000000c002750        0x2 CMakeFiles/tfm_s.dir/__/platform/ext/target/stm/common/stm32l5xx/Device/Source/startup_stm32l5xx_s.o
                0x000000000c002750                RTC_IRQHandler
 .text.RTC_IRQHandler_S
                0x000000000c002752        0x2 CMakeFiles/tfm_s.dir/__/platform/ext/target/stm/common/stm32l5xx/Device/Source/startup_stm32l5xx_s.o
                0x000000000c002752                RTC_IRQHandler_S
 .text.TAMP_IRQHandler
                0x000000000c002754        0x2 CMakeFiles/tfm_s.dir/__/platform/ext/target/stm/common/stm32l5xx/Device/Source/startup_stm32l5xx_s.o
                0x000000000c002754                TAMP_IRQHandler
 .text.TAMP_IRQHandler_S
                0x000000000c002756        0x2 CMakeFiles/tfm_s.dir/__/platform/ext/target/stm/common/stm32l5xx/Device/Source/startup_stm32l5xx_s.o
                0x000000000c002756                TAMP_IRQHandler_S
 .text.FLASH_IRQHandler
                0x000000000c002758        0x2 CMakeFiles/tfm_s.dir/__/platform/ext/target/stm/common/stm32l5xx/Device/Source/startup_stm32l5xx_s.o
                0x000000000c002758                FLASH_IRQHandler
 .text.FLASH_IRQHandler_S
                0x000000000c00275a        0x2 CMakeFiles/tfm_s.dir/__/platform/ext/target/stm/common/stm32l5xx/Device/Source/startup_stm32l5xx_s.o
                0x000000000c00275a                FLASH_IRQHandler_S
 .text.SERR_IRQHandler
                0x000000000c00275c        0x2 CMakeFiles/tfm_s.dir/__/platform/ext/target/stm/common/stm32l5xx/Device/Source/startup_stm32l5xx_s.o
                0x000000000c00275c                SERR_IRQHandler
 .text.RCC_IRQHandler
                0x000000000c00275e        0x2 CMakeFiles/tfm_s.dir/__/platform/ext/target/stm/common/stm32l5xx/Device/Source/startup_stm32l5xx_s.o
                0x000000000c00275e                RCC_IRQHandler
 .text.RCC_IRQHandler_S
                0x000000000c002760        0x2 CMakeFiles/tfm_s.dir/__/platform/ext/target/stm/common/stm32l5xx/Device/Source/startup_stm32l5xx_s.o
                0x000000000c002760                RCC_IRQHandler_S
 .text.EXTI0_IRQHandler
                0x000000000c002762        0x2 CMakeFiles/tfm_s.dir/__/platform/ext/target/stm/common/stm32l5xx/Device/Source/startup_stm32l5xx_s.o
                0x000000000c002762                EXTI0_IRQHandler
 .text.EXTI1_IRQHandler
                0x000000000c002764        0x2 CMakeFiles/tfm_s.dir/__/platform/ext/target/stm/common/stm32l5xx/Device/Source/startup_stm32l5xx_s.o
                0x000000000c002764                EXTI1_IRQHandler
 .text.EXTI2_IRQHandler
                0x000000000c002766        0x2 CMakeFiles/tfm_s.dir/__/platform/ext/target/stm/common/stm32l5xx/Device/Source/startup_stm32l5xx_s.o
                0x000000000c002766                EXTI2_IRQHandler
 .text.EXTI3_IRQHandler
                0x000000000c002768        0x2 CMakeFiles/tfm_s.dir/__/platform/ext/target/stm/common/stm32l5xx/Device/Source/startup_stm32l5xx_s.o
                0x000000000c002768                EXTI3_IRQHandler
 .text.EXTI4_IRQHandler
                0x000000000c00276a        0x2 CMakeFiles/tfm_s.dir/__/platform/ext/target/stm/common/stm32l5xx/Device/Source/startup_stm32l5xx_s.o
                0x000000000c00276a                EXTI4_IRQHandler
 .text.EXTI5_IRQHandler
                0x000000000c00276c        0x2 CMakeFiles/tfm_s.dir/__/platform/ext/target/stm/common/stm32l5xx/Device/Source/startup_stm32l5xx_s.o
                0x000000000c00276c                EXTI5_IRQHandler
 .text.EXTI6_IRQHandler
                0x000000000c00276e        0x2 CMakeFiles/tfm_s.dir/__/platform/ext/target/stm/common/stm32l5xx/Device/Source/startup_stm32l5xx_s.o
                0x000000000c00276e                EXTI6_IRQHandler
 .text.EXTI7_IRQHandler
                0x000000000c002770        0x2 CMakeFiles/tfm_s.dir/__/platform/ext/target/stm/common/stm32l5xx/Device/Source/startup_stm32l5xx_s.o
                0x000000000c002770                EXTI7_IRQHandler
 .text.EXTI8_IRQHandler
                0x000000000c002772        0x2 CMakeFiles/tfm_s.dir/__/platform/ext/target/stm/common/stm32l5xx/Device/Source/startup_stm32l5xx_s.o
                0x000000000c002772                EXTI8_IRQHandler
 .text.EXTI9_IRQHandler
                0x000000000c002774        0x2 CMakeFiles/tfm_s.dir/__/platform/ext/target/stm/common/stm32l5xx/Device/Source/startup_stm32l5xx_s.o
                0x000000000c002774                EXTI9_IRQHandler
 .text.EXTI10_IRQHandler
                0x000000000c002776        0x2 CMakeFiles/tfm_s.dir/__/platform/ext/target/stm/common/stm32l5xx/Device/Source/startup_stm32l5xx_s.o
                0x000000000c002776                EXTI10_IRQHandler
 .text.EXTI11_IRQHandler
                0x000000000c002778        0x2 CMakeFiles/tfm_s.dir/__/platform/ext/target/stm/common/stm32l5xx/Device/Source/startup_stm32l5xx_s.o
                0x000000000c002778                EXTI11_IRQHandler
 .text.EXTI12_IRQHandler
                0x000000000c00277a        0x2 CMakeFiles/tfm_s.dir/__/platform/ext/target/stm/common/stm32l5xx/Device/Source/startup_stm32l5xx_s.o
                0x000000000c00277a                EXTI12_IRQHandler
 .text.EXTI13_IRQHandler
                0x000000000c00277c        0x2 CMakeFiles/tfm_s.dir/__/platform/ext/target/stm/common/stm32l5xx/Device/Source/startup_stm32l5xx_s.o
                0x000000000c00277c                EXTI13_IRQHandler
 .text.EXTI14_IRQHandler
                0x000000000c00277e        0x2 CMakeFiles/tfm_s.dir/__/platform/ext/target/stm/common/stm32l5xx/Device/Source/startup_stm32l5xx_s.o
                0x000000000c00277e                EXTI14_IRQHandler
 .text.EXTI15_IRQHandler
                0x000000000c002780        0x2 CMakeFiles/tfm_s.dir/__/platform/ext/target/stm/common/stm32l5xx/Device/Source/startup_stm32l5xx_s.o
                0x000000000c002780                EXTI15_IRQHandler
 .text.DMAMUX1_IRQHandler
                0x000000000c002782        0x2 CMakeFiles/tfm_s.dir/__/platform/ext/target/stm/common/stm32l5xx/Device/Source/startup_stm32l5xx_s.o
                0x000000000c002782                DMAMUX1_IRQHandler
 .text.DMAMUX1_IRQHandler_S
                0x000000000c002784        0x2 CMakeFiles/tfm_s.dir/__/platform/ext/target/stm/common/stm32l5xx/Device/Source/startup_stm32l5xx_s.o
                0x000000000c002784                DMAMUX1_IRQHandler_S
 .text.DMA1_Channel1_IRQHandler
                0x000000000c002786        0x2 CMakeFiles/tfm_s.dir/__/platform/ext/target/stm/common/stm32l5xx/Device/Source/startup_stm32l5xx_s.o
                0x000000000c002786                DMA1_Channel1_IRQHandler
 .text.DMA1_Channel2_IRQHandler
                0x000000000c002788        0x2 CMakeFiles/tfm_s.dir/__/platform/ext/target/stm/common/stm32l5xx/Device/Source/startup_stm32l5xx_s.o
                0x000000000c002788                DMA1_Channel2_IRQHandler
 .text.DMA1_Channel3_IRQHandler
                0x000000000c00278a        0x2 CMakeFiles/tfm_s.dir/__/platform/ext/target/stm/common/stm32l5xx/Device/Source/startup_stm32l5xx_s.o
                0x000000000c00278a                DMA1_Channel3_IRQHandler
 .text.DMA1_Channel4_IRQHandler
                0x000000000c00278c        0x2 CMakeFiles/tfm_s.dir/__/platform/ext/target/stm/common/stm32l5xx/Device/Source/startup_stm32l5xx_s.o
                0x000000000c00278c                DMA1_Channel4_IRQHandler
 .text.DMA1_Channel5_IRQHandler
                0x000000000c00278e        0x2 CMakeFiles/tfm_s.dir/__/platform/ext/target/stm/common/stm32l5xx/Device/Source/startup_stm32l5xx_s.o
                0x000000000c00278e                DMA1_Channel5_IRQHandler
 .text.DMA1_Channel6_IRQHandler
                0x000000000c002790        0x2 CMakeFiles/tfm_s.dir/__/platform/ext/target/stm/common/stm32l5xx/Device/Source/startup_stm32l5xx_s.o
                0x000000000c002790                DMA1_Channel6_IRQHandler
 .text.DMA1_Channel7_IRQHandler
                0x000000000c002792        0x2 CMakeFiles/tfm_s.dir/__/platform/ext/target/stm/common/stm32l5xx/Device/Source/startup_stm32l5xx_s.o
                0x000000000c002792                DMA1_Channel7_IRQHandler
 .text.DMA1_Channel8_IRQHandler
                0x000000000c002794        0x2 CMakeFiles/tfm_s.dir/__/platform/ext/target/stm/common/stm32l5xx/Device/Source/startup_stm32l5xx_s.o
                0x000000000c002794                DMA1_Channel8_IRQHandler
 .text.ADC1_2_IRQHandler
                0x000000000c002796        0x2 CMakeFiles/tfm_s.dir/__/platform/ext/target/stm/common/stm32l5xx/Device/Source/startup_stm32l5xx_s.o
                0x000000000c002796                ADC1_2_IRQHandler
 .text.DAC_IRQHandler
                0x000000000c002798        0x2 CMakeFiles/tfm_s.dir/__/platform/ext/target/stm/common/stm32l5xx/Device/Source/startup_stm32l5xx_s.o
                0x000000000c002798                DAC_IRQHandler
 .text.FDCAN1_IT0_IRQHandler
                0x000000000c00279a        0x2 CMakeFiles/tfm_s.dir/__/platform/ext/target/stm/common/stm32l5xx/Device/Source/startup_stm32l5xx_s.o
                0x000000000c00279a                FDCAN1_IT0_IRQHandler
 .text.FDCAN1_IT1_IRQHandler
                0x000000000c00279c        0x2 CMakeFiles/tfm_s.dir/__/platform/ext/target/stm/common/stm32l5xx/Device/Source/startup_stm32l5xx_s.o
                0x000000000c00279c                FDCAN1_IT1_IRQHandler
 .text.TIM1_BRK_IRQHandler
                0x000000000c00279e        0x2 CMakeFiles/tfm_s.dir/__/platform/ext/target/stm/common/stm32l5xx/Device/Source/startup_stm32l5xx_s.o
                0x000000000c00279e                TIM1_BRK_IRQHandler
 .text.TIM1_UP_IRQHandler
                0x000000000c0027a0        0x2 CMakeFiles/tfm_s.dir/__/platform/ext/target/stm/common/stm32l5xx/Device/Source/startup_stm32l5xx_s.o
                0x000000000c0027a0                TIM1_UP_IRQHandler
 .text.TIM1_TRG_COM_IRQHandler
                0x000000000c0027a2        0x2 CMakeFiles/tfm_s.dir/__/platform/ext/target/stm/common/stm32l5xx/Device/Source/startup_stm32l5xx_s.o
                0x000000000c0027a2                TIM1_TRG_COM_IRQHandler
 .text.TIM1_CC_IRQHandler
                0x000000000c0027a4        0x2 CMakeFiles/tfm_s.dir/__/platform/ext/target/stm/common/stm32l5xx/Device/Source/startup_stm32l5xx_s.o
                0x000000000c0027a4                TIM1_CC_IRQHandler
 .text.TIM2_IRQHandler
                0x000000000c0027a6        0x2 CMakeFiles/tfm_s.dir/__/platform/ext/target/stm/common/stm32l5xx/Device/Source/startup_stm32l5xx_s.o
                0x000000000c0027a6                TIM2_IRQHandler
 .text.TIM3_IRQHandler
                0x000000000c0027a8        0x2 CMakeFiles/tfm_s.dir/__/platform/ext/target/stm/common/stm32l5xx/Device/Source/startup_stm32l5xx_s.o
                0x000000000c0027a8                TIM3_IRQHandler
 .text.TIM4_IRQHandler
                0x000000000c0027aa        0x2 CMakeFiles/tfm_s.dir/__/platform/ext/target/stm/common/stm32l5xx/Device/Source/startup_stm32l5xx_s.o
                0x000000000c0027aa                TIM4_IRQHandler
 .text.TIM5_IRQHandler
                0x000000000c0027ac        0x2 CMakeFiles/tfm_s.dir/__/platform/ext/target/stm/common/stm32l5xx/Device/Source/startup_stm32l5xx_s.o
                0x000000000c0027ac                TIM5_IRQHandler
 .text.TIM6_IRQHandler
                0x000000000c0027ae        0x2 CMakeFiles/tfm_s.dir/__/platform/ext/target/stm/common/stm32l5xx/Device/Source/startup_stm32l5xx_s.o
                0x000000000c0027ae                TIM6_IRQHandler
 .text.TIM7_IRQHandler
                0x000000000c0027b0        0x2 CMakeFiles/tfm_s.dir/__/platform/ext/target/stm/common/stm32l5xx/Device/Source/startup_stm32l5xx_s.o
                0x000000000c0027b0                TIM7_IRQHandler
 .text.TIM8_BRK_IRQHandler
                0x000000000c0027b2        0x2 CMakeFiles/tfm_s.dir/__/platform/ext/target/stm/common/stm32l5xx/Device/Source/startup_stm32l5xx_s.o
                0x000000000c0027b2                TIM8_BRK_IRQHandler
 .text.TIM8_UP_IRQHandler
                0x000000000c0027b4        0x2 CMakeFiles/tfm_s.dir/__/platform/ext/target/stm/common/stm32l5xx/Device/Source/startup_stm32l5xx_s.o
                0x000000000c0027b4                TIM8_UP_IRQHandler
 .text.TIM8_TRG_COM_IRQHandler
                0x000000000c0027b6        0x2 CMakeFiles/tfm_s.dir/__/platform/ext/target/stm/common/stm32l5xx/Device/Source/startup_stm32l5xx_s.o
                0x000000000c0027b6                TIM8_TRG_COM_IRQHandler
 .text.TIM8_CC_IRQHandler
                0x000000000c0027b8        0x2 CMakeFiles/tfm_s.dir/__/platform/ext/target/stm/common/stm32l5xx/Device/Source/startup_stm32l5xx_s.o
                0x000000000c0027b8                TIM8_CC_IRQHandler
 .text.I2C1_EV_IRQHandler
                0x000000000c0027ba        0x2 CMakeFiles/tfm_s.dir/__/platform/ext/target/stm/common/stm32l5xx/Device/Source/startup_stm32l5xx_s.o
                0x000000000c0027ba                I2C1_EV_IRQHandler
 .text.I2C1_ER_IRQHandler
                0x000000000c0027bc        0x2 CMakeFiles/tfm_s.dir/__/platform/ext/target/stm/common/stm32l5xx/Device/Source/startup_stm32l5xx_s.o
                0x000000000c0027bc                I2C1_ER_IRQHandler
 .text.I2C2_EV_IRQHandler
                0x000000000c0027be        0x2 CMakeFiles/tfm_s.dir/__/platform/ext/target/stm/common/stm32l5xx/Device/Source/startup_stm32l5xx_s.o
                0x000000000c0027be                I2C2_EV_IRQHandler
 .text.I2C2_ER_IRQHandler
                0x000000000c0027c0        0x2 CMakeFiles/tfm_s.dir/__/platform/ext/target/stm/common/stm32l5xx/Device/Source/startup_stm32l5xx_s.o
                0x000000000c0027c0                I2C2_ER_IRQHandler
 .text.SPI1_IRQHandler
                0x000000000c0027c2        0x2 CMakeFiles/tfm_s.dir/__/platform/ext/target/stm/common/stm32l5xx/Device/Source/startup_stm32l5xx_s.o
                0x000000000c0027c2                SPI1_IRQHandler
 .text.SPI2_IRQHandler
                0x000000000c0027c4        0x2 CMakeFiles/tfm_s.dir/__/platform/ext/target/stm/common/stm32l5xx/Device/Source/startup_stm32l5xx_s.o
                0x000000000c0027c4                SPI2_IRQHandler
 .text.USART1_IRQHandler
                0x000000000c0027c6        0x2 CMakeFiles/tfm_s.dir/__/platform/ext/target/stm/common/stm32l5xx/Device/Source/startup_stm32l5xx_s.o
                0x000000000c0027c6                USART1_IRQHandler
 .text.USART2_IRQHandler
                0x000000000c0027c8        0x2 CMakeFiles/tfm_s.dir/__/platform/ext/target/stm/common/stm32l5xx/Device/Source/startup_stm32l5xx_s.o
                0x000000000c0027c8                USART2_IRQHandler
 .text.USART3_IRQHandler
                0x000000000c0027ca        0x2 CMakeFiles/tfm_s.dir/__/platform/ext/target/stm/common/stm32l5xx/Device/Source/startup_stm32l5xx_s.o
                0x000000000c0027ca                USART3_IRQHandler
 .text.UART4_IRQHandler
                0x000000000c0027cc        0x2 CMakeFiles/tfm_s.dir/__/platform/ext/target/stm/common/stm32l5xx/Device/Source/startup_stm32l5xx_s.o
                0x000000000c0027cc                UART4_IRQHandler
 .text.UART5_IRQHandler
                0x000000000c0027ce        0x2 CMakeFiles/tfm_s.dir/__/platform/ext/target/stm/common/stm32l5xx/Device/Source/startup_stm32l5xx_s.o
                0x000000000c0027ce                UART5_IRQHandler
 .text.LPUART1_IRQHandler
                0x000000000c0027d0        0x2 CMakeFiles/tfm_s.dir/__/platform/ext/target/stm/common/stm32l5xx/Device/Source/startup_stm32l5xx_s.o
                0x000000000c0027d0                LPUART1_IRQHandler
 .text.LPTIM1_IRQHandler
                0x000000000c0027d2        0x2 CMakeFiles/tfm_s.dir/__/platform/ext/target/stm/common/stm32l5xx/Device/Source/startup_stm32l5xx_s.o
                0x000000000c0027d2                LPTIM1_IRQHandler
 .text.LPTIM2_IRQHandler
                0x000000000c0027d4        0x2 CMakeFiles/tfm_s.dir/__/platform/ext/target/stm/common/stm32l5xx/Device/Source/startup_stm32l5xx_s.o
                0x000000000c0027d4                LPTIM2_IRQHandler
 .text.TIM15_IRQHandler
                0x000000000c0027d6        0x2 CMakeFiles/tfm_s.dir/__/platform/ext/target/stm/common/stm32l5xx/Device/Source/startup_stm32l5xx_s.o
                0x000000000c0027d6                TIM15_IRQHandler
 .text.TIM16_IRQHandler
                0x000000000c0027d8        0x2 CMakeFiles/tfm_s.dir/__/platform/ext/target/stm/common/stm32l5xx/Device/Source/startup_stm32l5xx_s.o
                0x000000000c0027d8                TIM16_IRQHandler
 .text.TIM17_IRQHandler
                0x000000000c0027da        0x2 CMakeFiles/tfm_s.dir/__/platform/ext/target/stm/common/stm32l5xx/Device/Source/startup_stm32l5xx_s.o
                0x000000000c0027da                TIM17_IRQHandler
 .text.COMP_IRQHandler
                0x000000000c0027dc        0x2 CMakeFiles/tfm_s.dir/__/platform/ext/target/stm/common/stm32l5xx/Device/Source/startup_stm32l5xx_s.o
                0x000000000c0027dc                COMP_IRQHandler
 .text.USB_FS_IRQHandler
                0x000000000c0027de        0x2 CMakeFiles/tfm_s.dir/__/platform/ext/target/stm/common/stm32l5xx/Device/Source/startup_stm32l5xx_s.o
                0x000000000c0027de                USB_FS_IRQHandler
 .text.CRS_IRQHandler
                0x000000000c0027e0        0x2 CMakeFiles/tfm_s.dir/__/platform/ext/target/stm/common/stm32l5xx/Device/Source/startup_stm32l5xx_s.o
                0x000000000c0027e0                CRS_IRQHandler
 .text.FMC_IRQHandler
                0x000000000c0027e2        0x2 CMakeFiles/tfm_s.dir/__/platform/ext/target/stm/common/stm32l5xx/Device/Source/startup_stm32l5xx_s.o
                0x000000000c0027e2                FMC_IRQHandler
 .text.OCTOSPI1_IRQHandler
                0x000000000c0027e4        0x2 CMakeFiles/tfm_s.dir/__/platform/ext/target/stm/common/stm32l5xx/Device/Source/startup_stm32l5xx_s.o
                0x000000000c0027e4                OCTOSPI1_IRQHandler
 .text.SDMMC1_IRQHandler
                0x000000000c0027e6        0x2 CMakeFiles/tfm_s.dir/__/platform/ext/target/stm/common/stm32l5xx/Device/Source/startup_stm32l5xx_s.o
                0x000000000c0027e6                SDMMC1_IRQHandler
 .text.DMA2_Channel1_IRQHandler
                0x000000000c0027e8        0x2 CMakeFiles/tfm_s.dir/__/platform/ext/target/stm/common/stm32l5xx/Device/Source/startup_stm32l5xx_s.o
                0x000000000c0027e8                DMA2_Channel1_IRQHandler
 .text.DMA2_Channel2_IRQHandler
                0x000000000c0027ea        0x2 CMakeFiles/tfm_s.dir/__/platform/ext/target/stm/common/stm32l5xx/Device/Source/startup_stm32l5xx_s.o
                0x000000000c0027ea                DMA2_Channel2_IRQHandler
 .text.DMA2_Channel3_IRQHandler
                0x000000000c0027ec        0x2 CMakeFiles/tfm_s.dir/__/platform/ext/target/stm/common/stm32l5xx/Device/Source/startup_stm32l5xx_s.o
                0x000000000c0027ec                DMA2_Channel3_IRQHandler
 .text.DMA2_Channel4_IRQHandler
                0x000000000c0027ee        0x2 CMakeFiles/tfm_s.dir/__/platform/ext/target/stm/common/stm32l5xx/Device/Source/startup_stm32l5xx_s.o
                0x000000000c0027ee                DMA2_Channel4_IRQHandler
 .text.DMA2_Channel5_IRQHandler
                0x000000000c0027f0        0x2 CMakeFiles/tfm_s.dir/__/platform/ext/target/stm/common/stm32l5xx/Device/Source/startup_stm32l5xx_s.o
                0x000000000c0027f0                DMA2_Channel5_IRQHandler
 .text.DMA2_Channel6_IRQHandler
                0x000000000c0027f2        0x2 CMakeFiles/tfm_s.dir/__/platform/ext/target/stm/common/stm32l5xx/Device/Source/startup_stm32l5xx_s.o
                0x000000000c0027f2                DMA2_Channel6_IRQHandler
 .text.DMA2_Channel7_IRQHandler
                0x000000000c0027f4        0x2 CMakeFiles/tfm_s.dir/__/platform/ext/target/stm/common/stm32l5xx/Device/Source/startup_stm32l5xx_s.o
                0x000000000c0027f4                DMA2_Channel7_IRQHandler
 .text.DMA2_Channel8_IRQHandler
                0x000000000c0027f6        0x2 CMakeFiles/tfm_s.dir/__/platform/ext/target/stm/common/stm32l5xx/Device/Source/startup_stm32l5xx_s.o
                0x000000000c0027f6                DMA2_Channel8_IRQHandler
 .text.I2C3_EV_IRQHandler
                0x000000000c0027f8        0x2 CMakeFiles/tfm_s.dir/__/platform/ext/target/stm/common/stm32l5xx/Device/Source/startup_stm32l5xx_s.o
                0x000000000c0027f8                I2C3_EV_IRQHandler
 .text.I2C3_ER_IRQHandler
                0x000000000c0027fa        0x2 CMakeFiles/tfm_s.dir/__/platform/ext/target/stm/common/stm32l5xx/Device/Source/startup_stm32l5xx_s.o
                0x000000000c0027fa                I2C3_ER_IRQHandler
 .text.SAI1_IRQHandler
                0x000000000c0027fc        0x2 CMakeFiles/tfm_s.dir/__/platform/ext/target/stm/common/stm32l5xx/Device/Source/startup_stm32l5xx_s.o
                0x000000000c0027fc                SAI1_IRQHandler
 .text.SAI2_IRQHandler
                0x000000000c0027fe        0x2 CMakeFiles/tfm_s.dir/__/platform/ext/target/stm/common/stm32l5xx/Device/Source/startup_stm32l5xx_s.o
                0x000000000c0027fe                SAI2_IRQHandler
 .text.TSC_IRQHandler
                0x000000000c002800        0x2 CMakeFiles/tfm_s.dir/__/platform/ext/target/stm/common/stm32l5xx/Device/Source/startup_stm32l5xx_s.o
                0x000000000c002800                TSC_IRQHandler
 .text.AES_IRQHandler
                0x000000000c002802        0x2 CMakeFiles/tfm_s.dir/__/platform/ext/target/stm/common/stm32l5xx/Device/Source/startup_stm32l5xx_s.o
                0x000000000c002802                AES_IRQHandler
 .text.RNG_IRQHandler
                0x000000000c002804        0x2 CMakeFiles/tfm_s.dir/__/platform/ext/target/stm/common/stm32l5xx/Device/Source/startup_stm32l5xx_s.o
                0x000000000c002804                RNG_IRQHandler
 .text.FPU_IRQHandler
                0x000000000c002806        0x2 CMakeFiles/tfm_s.dir/__/platform/ext/target/stm/common/stm32l5xx/Device/Source/startup_stm32l5xx_s.o
                0x000000000c002806                FPU_IRQHandler
 .text.HASH_IRQHandler
                0x000000000c002808        0x2 CMakeFiles/tfm_s.dir/__/platform/ext/target/stm/common/stm32l5xx/Device/Source/startup_stm32l5xx_s.o
                0x000000000c002808                HASH_IRQHandler
 .text.PKA_IRQHandler
                0x000000000c00280a        0x2 CMakeFiles/tfm_s.dir/__/platform/ext/target/stm/common/stm32l5xx/Device/Source/startup_stm32l5xx_s.o
                0x000000000c00280a                PKA_IRQHandler
 .text.LPTIM3_IRQHandler
                0x000000000c00280c        0x2 CMakeFiles/tfm_s.dir/__/platform/ext/target/stm/common/stm32l5xx/Device/Source/startup_stm32l5xx_s.o
                0x000000000c00280c                LPTIM3_IRQHandler
 .text.SPI3_IRQHandler
                0x000000000c00280e        0x2 CMakeFiles/tfm_s.dir/__/platform/ext/target/stm/common/stm32l5xx/Device/Source/startup_stm32l5xx_s.o
                0x000000000c00280e                SPI3_IRQHandler
 .text.I2C4_ER_IRQHandler
                0x000000000c002810        0x2 CMakeFiles/tfm_s.dir/__/platform/ext/target/stm/common/stm32l5xx/Device/Source/startup_stm32l5xx_s.o
                0x000000000c002810                I2C4_ER_IRQHandler
 .text.I2C4_EV_IRQHandler
                0x000000000c002812        0x2 CMakeFiles/tfm_s.dir/__/platform/ext/target/stm/common/stm32l5xx/Device/Source/startup_stm32l5xx_s.o
                0x000000000c002812                I2C4_EV_IRQHandler
 .text.DFSDM1_FLT0_IRQHandler
                0x000000000c002814        0x2 CMakeFiles/tfm_s.dir/__/platform/ext/target/stm/common/stm32l5xx/Device/Source/startup_stm32l5xx_s.o
                0x000000000c002814                DFSDM1_FLT0_IRQHandler
 .text.DFSDM1_FLT1_IRQHandler
                0x000000000c002816        0x2 CMakeFiles/tfm_s.dir/__/platform/ext/target/stm/common/stm32l5xx/Device/Source/startup_stm32l5xx_s.o
                0x000000000c002816                DFSDM1_FLT1_IRQHandler
 .text.DFSDM1_FLT2_IRQHandler
                0x000000000c002818        0x2 CMakeFiles/tfm_s.dir/__/platform/ext/target/stm/common/stm32l5xx/Device/Source/startup_stm32l5xx_s.o
                0x000000000c002818                DFSDM1_FLT2_IRQHandler
 .text.DFSDM1_FLT3_IRQHandler
                0x000000000c00281a        0x2 CMakeFiles/tfm_s.dir/__/platform/ext/target/stm/common/stm32l5xx/Device/Source/startup_stm32l5xx_s.o
                0x000000000c00281a                DFSDM1_FLT3_IRQHandler
 .text.UCPD1_IRQHandler
                0x000000000c00281c        0x2 CMakeFiles/tfm_s.dir/__/platform/ext/target/stm/common/stm32l5xx/Device/Source/startup_stm32l5xx_s.o
                0x000000000c00281c                UCPD1_IRQHandler
 .text.ICACHE_IRQHandler
                0x000000000c00281e        0x2 CMakeFiles/tfm_s.dir/__/platform/ext/target/stm/common/stm32l5xx/Device/Source/startup_stm32l5xx_s.o
                0x000000000c00281e                ICACHE_IRQHandler
 .text.OTFDEC1_IRQHandler
                0x000000000c002820        0x2 CMakeFiles/tfm_s.dir/__/platform/ext/target/stm/common/stm32l5xx/Device/Source/startup_stm32l5xx_s.o
                0x000000000c002820                OTFDEC1_IRQHandler
 *fill*         0x000000000c002822        0x6 
 .text.Reset_Handler
                0x000000000c002828       0x94 CMakeFiles/tfm_s.dir/__/platform/ext/target/stm/common/stm32l5xx/Device/Source/startup_stm32l5xx_s.o
                0x000000000c002828                Reset_Handler
 *libplatform_s*:*(.text*)
 .text.SystemInit
                0x000000000c0028bc       0x10 ../platform/libplatform_s.a(system_stm32l5xx.o)
                0x000000000c0028bc                SystemInit
 .text.RCCEx_PLLSAI1_Config
                0x000000000c0028cc      0x108 ../platform/libplatform_s.a(stm32l5xx_hal_rcc_ex.o)
 .text.RCCEx_PLLSAI2_Config.constprop.0
                0x000000000c0029d4       0xb8 ../platform/libplatform_s.a(stm32l5xx_hal_rcc_ex.o)
 .text.HAL_RCCEx_PeriphCLKConfig
                0x000000000c002a8c      0x4a4 ../platform/libplatform_s.a(stm32l5xx_hal_rcc_ex.o)
                0x000000000c002a8c                HAL_RCCEx_PeriphCLKConfig
 .text.HAL_GTZC_TZSC_ConfigPeriphAttributes
                0x000000000c002f30       0xe4 ../platform/libplatform_s.a(stm32l5xx_hal_gtzc.o)
                0x000000000c002f30                HAL_GTZC_TZSC_ConfigPeriphAttributes
 .text.HAL_GTZC_MPCBB_ConfigMem
                0x000000000c003014       0x84 ../platform/libplatform_s.a(stm32l5xx_hal_gtzc.o)
                0x000000000c003014                HAL_GTZC_MPCBB_ConfigMem
 .text.HAL_GTZC_MPCBB_GetConfigMem
                0x000000000c003098       0x68 ../platform/libplatform_s.a(stm32l5xx_hal_gtzc.o)
                0x000000000c003098                HAL_GTZC_MPCBB_GetConfigMem
 .text.HAL_GTZC_TZIC_EnableIT
                0x000000000c003100       0x4c ../platform/libplatform_s.a(stm32l5xx_hal_gtzc.o)
                0x000000000c003100                HAL_GTZC_TZIC_EnableIT
 .text.HAL_RNG_MspInit
                0x000000000c00314c        0x2 ../platform/libplatform_s.a(stm32l5xx_hal_rng.o)
                0x000000000c00314c                HAL_RNG_MspInit
 *fill*         0x000000000c00314e        0x2 
 .text.HAL_RNG_Init
                0x000000000c003150       0xc4 ../platform/libplatform_s.a(stm32l5xx_hal_rng.o)
                0x000000000c003150                HAL_RNG_Init
 .text.HAL_RNG_ErrorCallback
                0x000000000c003214        0x2 ../platform/libplatform_s.a(stm32l5xx_hal_rng.o)
                0x000000000c003214                HAL_RNG_ErrorCallback
 .text.RNG_RecoverSeedError
                0x000000000c003216       0x84 ../platform/libplatform_s.a(stm32l5xx_hal_rng.o)
                0x000000000c003216                RNG_RecoverSeedError
 .text.HAL_RNG_GenerateRandomNumber
                0x000000000c00329a       0x8e ../platform/libplatform_s.a(stm32l5xx_hal_rng.o)
                0x000000000c00329a                HAL_RNG_GenerateRandomNumber
 .text.tfm_timer0_irq_init
                0x000000000c003328       0x38 ../platform/libplatform_s.a(tfm_interrupts.o)
                0x000000000c003328                tfm_timer0_irq_init
 .text.prvInsertBlockIntoFreeList_aslr
                0x000000000c003360       0x48 ../platform/libplatform_s.a(aslr_heap.o)
 .text.pvPortMalloc_aslr
                0x000000000c0033a8      0x164 ../platform/libplatform_s.a(aslr_heap.o)
                0x000000000c0033a8                pvPortMalloc_aslr
 .text.vPortFree_aslr
                0x000000000c00350c       0x5c ../platform/libplatform_s.a(aslr_heap.o)
                0x000000000c00350c                vPortFree_aslr
 .text.queue_is_full_aslr
                0x000000000c003568       0x1c ../platform/libplatform_s.a(aslr_queue.o)
                0x000000000c003568                queue_is_full_aslr
 .text.queue_sum_aslr
                0x000000000c003584        0xc ../platform/libplatform_s.a(aslr_queue.o)
                0x000000000c003584                queue_sum_aslr
 .text.queue_is_empty_aslr
                0x000000000c003590       0x1c ../platform/libplatform_s.a(aslr_queue.o)
                0x000000000c003590                queue_is_empty_aslr
 .text.queue_delete_aslr
                0x000000000c0035ac       0x34 ../platform/libplatform_s.a(aslr_queue.o)
                0x000000000c0035ac                queue_delete_aslr
 .text.queue_insert_aslr
                0x000000000c0035e0       0x54 ../platform/libplatform_s.a(aslr_queue.o)
                0x000000000c0035e0                queue_insert_aslr
 .text.rand_generate
                0x000000000c003634       0x24 ../platform/libplatform_s.a(rand.o)
                0x000000000c003634                rand_generate
 .text.rd_recognize_aslr
                0x000000000c003658        0x6 ../platform/libplatform_s.a(ins_tool.o)
                0x000000000c003658                rd_recognize_aslr
 .text.is_ldr_aslr
                0x000000000c00365e       0x16 ../platform/libplatform_s.a(ins_tool.o)
                0x000000000c00365e                is_ldr_aslr
 .text.ldr_get_imm_aslr
                0x000000000c003674        0x4 ../platform/libplatform_s.a(ins_tool.o)
                0x000000000c003674                ldr_get_imm_aslr
 .text.HAL_GPIO_Init
                0x000000000c003678      0x190 ../platform/libplatform_s.a(stm32l5xx_hal_gpio.o)
                0x000000000c003678                HAL_GPIO_Init
 .text.HAL_RCC_GetSysClockFreq
                0x000000000c003808       0xa8 ../platform/libplatform_s.a(stm32l5xx_hal_rcc.o)
                0x000000000c003808                HAL_RCC_GetSysClockFreq
 .text.HAL_RCC_GetHCLKFreq
                0x000000000c0038b0       0x20 ../platform/libplatform_s.a(stm32l5xx_hal_rcc.o)
                0x000000000c0038b0                HAL_RCC_GetHCLKFreq
 .text.HAL_RCC_GetPCLK1Freq
                0x000000000c0038d0       0x20 ../platform/libplatform_s.a(stm32l5xx_hal_rcc.o)
                0x000000000c0038d0                HAL_RCC_GetPCLK1Freq
 .text.HAL_RCC_GetPCLK2Freq
                0x000000000c0038f0       0x20 ../platform/libplatform_s.a(stm32l5xx_hal_rcc.o)
                0x000000000c0038f0                HAL_RCC_GetPCLK2Freq
 .text.memcpy_flash
                0x000000000c003910       0x32 ../platform/libplatform_s.a(low_level_flash.o)
 *fill*         0x000000000c003942        0x2 
 .text.Flash_GetVersion
                0x000000000c003944       0x20 ../platform/libplatform_s.a(low_level_flash.o)
 .text.Flash_GetCapabilities
                0x000000000c003964        0x4 ../platform/libplatform_s.a(low_level_flash.o)
 .text.Flash_Uninitialize
                0x000000000c003968        0x4 ../platform/libplatform_s.a(low_level_flash.o)
 .text.Flash_PowerControl
                0x000000000c00396c       0x16 ../platform/libplatform_s.a(low_level_flash.o)
 .text.Flash_EraseChip
                0x000000000c003982        0x6 ../platform/libplatform_s.a(low_level_flash.o)
 .text.Flash_GetStatus
                0x000000000c003988        0xc ../platform/libplatform_s.a(low_level_flash.o)
 .text.Flash_GetInfo
                0x000000000c003994        0xc ../platform/libplatform_s.a(low_level_flash.o)
 .text.Flash_Initialize
                0x000000000c0039a0        0xe ../platform/libplatform_s.a(low_level_flash.o)
 *fill*         0x000000000c0039ae        0x2 
 .text.is_range_secure.constprop.0
                0x000000000c0039b0       0x38 ../platform/libplatform_s.a(low_level_flash.o)
 .text.Flash_ReadData
                0x000000000c0039e8       0x94 ../platform/libplatform_s.a(low_level_flash.o)
 .text.Flash_ProgramData
                0x000000000c003a7c      0x100 ../platform/libplatform_s.a(low_level_flash.o)
 .text.Flash_EraseSector
                0x000000000c003b7c       0xc4 ../platform/libplatform_s.a(low_level_flash.o)
 .text.NMI_Handler
                0x000000000c003c40       0x68 ../platform/libplatform_s.a(low_level_flash.o)
                0x000000000c003c40                NMI_Handler
 .text.FLASH_Program_DoubleWord
                0x000000000c003ca8       0x3c ../platform/libplatform_s.a(stm32l5xx_hal_flash.o)
 .text.HAL_FLASH_Unlock
                0x000000000c003ce4       0x40 ../platform/libplatform_s.a(stm32l5xx_hal_flash.o)
                0x000000000c003ce4                HAL_FLASH_Unlock
 .text.HAL_FLASH_Lock
                0x000000000c003d24       0x28 ../platform/libplatform_s.a(stm32l5xx_hal_flash.o)
                0x000000000c003d24                HAL_FLASH_Lock
 .text.FLASH_WaitForLastOperation
                0x000000000c003d4c       0x78 ../platform/libplatform_s.a(stm32l5xx_hal_flash.o)
                0x000000000c003d4c                FLASH_WaitForLastOperation
 .text.HAL_FLASH_Program
                0x000000000c003dc4       0x6c ../platform/libplatform_s.a(stm32l5xx_hal_flash.o)
                0x000000000c003dc4                HAL_FLASH_Program
 .text.FLASH_MassErase
                0x000000000c003e30       0x64 ../platform/libplatform_s.a(stm32l5xx_hal_flash_ex.o)
 .text.FLASH_PageErase
                0x000000000c003e94       0x64 ../platform/libplatform_s.a(stm32l5xx_hal_flash_ex.o)
                0x000000000c003e94                FLASH_PageErase
 .text.HAL_FLASHEx_Erase
                0x000000000c003ef8       0xac ../platform/libplatform_s.a(stm32l5xx_hal_flash_ex.o)
                0x000000000c003ef8                HAL_FLASHEx_Erase
 .text.tfm_hal_its_fs_info
                0x000000000c003fa4       0x1c ../platform/libplatform_s.a(tfm_hal_its.o)
                0x000000000c003fa4                tfm_hal_its_fs_info
 .text.tfm_hal_system_reset
                0x000000000c003fc0       0x24 ../platform/libplatform_s.a(tfm_hal_reset_halt.o)
                0x000000000c003fc0                tfm_hal_system_reset
 .text.stdio_init
                0x000000000c003fe4       0x2c ../platform/libplatform_s.a(uart_stdout.o)
                0x000000000c003fe4                stdio_init
 .text.tfm_plat_otp_init
                0x000000000c004010        0x4 ../platform/libplatform_s.a(otp_flash.o)
                0x000000000c004010                tfm_plat_otp_init
 .text.tfm_plat_otp_get_size
                0x000000000c004014       0x3e ../platform/libplatform_s.a(otp_flash.o)
                0x000000000c004014                tfm_plat_otp_get_size
 .text.write_to_output
                0x000000000c004052       0x22 ../platform/libplatform_s.a(otp_flash.o)
 .text.tfm_plat_otp_read
                0x000000000c004074       0x9e ../platform/libplatform_s.a(otp_flash.o)
                0x000000000c004074                tfm_plat_otp_read
 .text.read_from_input
                0x000000000c004112       0x50 ../platform/libplatform_s.a(otp_flash.o)
 .text.tfm_plat_otp_write
                0x000000000c004162       0x9e ../platform/libplatform_s.a(otp_flash.o)
                0x000000000c004162                tfm_plat_otp_write
 .text.tfm_plat_provisioning_check_for_dummy_keys
                0x000000000c004200       0x1c ../platform/libplatform_s.a(provisioning.o)
                0x000000000c004200                tfm_plat_provisioning_check_for_dummy_keys
 .text.tfm_plat_provisioning_is_required
                0x000000000c00421c       0x1e ../platform/libplatform_s.a(provisioning.o)
                0x000000000c00421c                tfm_plat_provisioning_is_required
 *fill*         0x000000000c00423a        0x2 
 .text.provision_assembly_and_test
                0x000000000c00423c       0x28 ../platform/libplatform_s.a(provisioning.o)
                0x000000000c00423c                provision_assembly_and_test
 .text.provision_psa_rot
                0x000000000c004264       0xb0 ../platform/libplatform_s.a(provisioning.o)
                0x000000000c004264                provision_psa_rot
 .text.tfm_plat_provisioning_perform
                0x000000000c004314       0x3a ../platform/libplatform_s.a(provisioning.o)
                0x000000000c004314                tfm_plat_provisioning_perform
 *fill*         0x000000000c00434e        0x2 
 .text.USART_GetVersion
                0x000000000c004350       0x20 ../platform/libplatform_s.a(low_level_com.o)
 .text.USART_GetCapabilities
                0x000000000c004370        0x4 ../platform/libplatform_s.a(low_level_com.o)
 .text.USART0_Uninitialize
                0x000000000c004374        0x4 ../platform/libplatform_s.a(low_level_com.o)
 .text.USART0_PowerControl
                0x000000000c004378        0x4 ../platform/libplatform_s.a(low_level_com.o)
 .text.USART0_Transfer
                0x000000000c00437c        0x6 ../platform/libplatform_s.a(low_level_com.o)
 .text.USART0_GetTxCount
                0x000000000c004382        0x4 ../platform/libplatform_s.a(low_level_com.o)
 .text.USART0_Control
                0x000000000c004386        0x4 ../platform/libplatform_s.a(low_level_com.o)
 .text.USART0_GetStatus
                0x000000000c00438a        0xc ../platform/libplatform_s.a(low_level_com.o)
 .text.USART0_SetModemControl
                0x000000000c004396        0x6 ../platform/libplatform_s.a(low_level_com.o)
 .text.USART0_GetModemStatus
                0x000000000c00439c        0xc ../platform/libplatform_s.a(low_level_com.o)
 .text.USART0_Receive
                0x000000000c0043a8       0x20 ../platform/libplatform_s.a(low_level_com.o)
 .text.USART0_Send
                0x000000000c0043c8       0x24 ../platform/libplatform_s.a(low_level_com.o)
 .text.USART0_Initialize
                0x000000000c0043ec       0xb0 ../platform/libplatform_s.a(low_level_com.o)
 .text.USART0_GetRxCount
                0x000000000c00449c        0x4 ../platform/libplatform_s.a(low_level_com.o)
 .text.HAL_UART_MspInit
                0x000000000c0044a0        0x2 ../platform/libplatform_s.a(stm32l5xx_hal_uart.o)
                0x000000000c0044a0                HAL_UART_MspInit
 .text.HAL_UART_RxCpltCallback
                0x000000000c0044a2        0x2 ../platform/libplatform_s.a(stm32l5xx_hal_uart.o)
                0x000000000c0044a2                HAL_UART_RxCpltCallback
 .text.HAL_UART_ErrorCallback
                0x000000000c0044a4        0x2 ../platform/libplatform_s.a(stm32l5xx_hal_uart.o)
                0x000000000c0044a4                HAL_UART_ErrorCallback
 .text.HAL_UARTEx_RxEventCallback
                0x000000000c0044a6        0x2 ../platform/libplatform_s.a(stm32l5xx_hal_uart.o)
                0x000000000c0044a6                HAL_UARTEx_RxEventCallback
 .text.UART_RxISR_8BIT
                0x000000000c0044a8       0x7a ../platform/libplatform_s.a(stm32l5xx_hal_uart.o)
 .text.UART_RxISR_16BIT
                0x000000000c004522       0x76 ../platform/libplatform_s.a(stm32l5xx_hal_uart.o)
 .text.UART_RxISR_8BIT_FIFOEN
                0x000000000c004598      0x138 ../platform/libplatform_s.a(stm32l5xx_hal_uart.o)
 .text.UART_RxISR_16BIT_FIFOEN
                0x000000000c0046d0      0x134 ../platform/libplatform_s.a(stm32l5xx_hal_uart.o)
 .text.UART_SetConfig
                0x000000000c004804      0x2cc ../platform/libplatform_s.a(stm32l5xx_hal_uart.o)
                0x000000000c004804                UART_SetConfig
 .text.UART_AdvFeatureConfig
                0x000000000c004ad0       0xaa ../platform/libplatform_s.a(stm32l5xx_hal_uart.o)
                0x000000000c004ad0                UART_AdvFeatureConfig
 .text.UART_WaitOnFlagUntilTimeout
                0x000000000c004b7a       0x94 ../platform/libplatform_s.a(stm32l5xx_hal_uart.o)
                0x000000000c004b7a                UART_WaitOnFlagUntilTimeout
 .text.HAL_UART_Transmit
                0x000000000c004c0e       0xb8 ../platform/libplatform_s.a(stm32l5xx_hal_uart.o)
                0x000000000c004c0e                HAL_UART_Transmit
 .text.UART_CheckIdleState
                0x000000000c004cc6       0x68 ../platform/libplatform_s.a(stm32l5xx_hal_uart.o)
                0x000000000c004cc6                UART_CheckIdleState
 .text.HAL_UART_Init
                0x000000000c004d2e       0x60 ../platform/libplatform_s.a(stm32l5xx_hal_uart.o)
                0x000000000c004d2e                HAL_UART_Init
 *fill*         0x000000000c004d8e        0x2 
 .text.UART_Start_Receive_IT
                0x000000000c004d90       0xd4 ../platform/libplatform_s.a(stm32l5xx_hal_uart.o)
                0x000000000c004d90                UART_Start_Receive_IT
 .text.HAL_UART_Receive_IT
                0x000000000c004e64       0x4c ../platform/libplatform_s.a(stm32l5xx_hal_uart.o)
                0x000000000c004e64                HAL_UART_Receive_IT
 .text.erase_flash_region
                0x000000000c004eb0       0x3c ../platform/libplatform_s.a(flash_otp_nv_counters_backend.o)
 .text.copy_flash_region
                0x000000000c004eec       0x78 ../platform/libplatform_s.a(flash_otp_nv_counters_backend.o)
 .text.make_backup
                0x000000000c004f64       0x26 ../platform/libplatform_s.a(flash_otp_nv_counters_backend.o)
 *fill*         0x000000000c004f8a        0x2 
 .text.read_otp_nv_counters_flash
                0x000000000c004f8c       0x88 ../platform/libplatform_s.a(flash_otp_nv_counters_backend.o)
                0x000000000c004f8c                read_otp_nv_counters_flash
 .text.write_otp_nv_counters_flash
                0x000000000c005014      0x1b8 ../platform/libplatform_s.a(flash_otp_nv_counters_backend.o)
                0x000000000c005014                write_otp_nv_counters_flash
 .text.init_otp_nv_counters_flash
                0x000000000c0051cc      0x164 ../platform/libplatform_s.a(flash_otp_nv_counters_backend.o)
                0x000000000c0051cc                init_otp_nv_counters_flash
 *libtfm_spm*:*(.text*)
 .text.tfm_core_panic
                0x000000000c005330        0x4 spm/libtfm_spm.a(utilities.o)
                0x000000000c005330                tfm_core_panic
 .text.startup.main
                0x000000000c005334       0x50 spm/libtfm_spm.a(main.o)
                0x000000000c005334                main
 .text.get_irq_info_for_signal
                0x000000000c005384       0x3e spm/libtfm_spm.a(interrupt.o)
                0x000000000c005384                get_irq_info_for_signal
 *fill*         0x000000000c0053c2        0x2 
 .text.tfm_core_svc_handler
                0x000000000c0053c4       0x70 spm/libtfm_spm.a(tfm_core_svcalls_ipc.o)
                0x000000000c0053c4                tfm_core_svc_handler
 .text.tfm_core_handler_mode
                0x000000000c005434        0x4 spm/libtfm_spm.a(tfm_core_svcalls_ipc.o)
                0x000000000c005434                tfm_core_handler_mode
 .text.thrd_set_query_callback
                0x000000000c005438        0xc spm/libtfm_spm.a(thread.o)
                0x000000000c005438                thrd_set_query_callback
 .text.thrd_next
                0x000000000c005444       0x40 spm/libtfm_spm.a(thread.o)
                0x000000000c005444                thrd_next
 .text.thrd_set_state
                0x000000000c005484       0x28 spm/libtfm_spm.a(thread.o)
                0x000000000c005484                thrd_set_state
 .text.thrd_start
                0x000000000c0054ac       0x44 spm/libtfm_spm.a(thread.o)
                0x000000000c0054ac                thrd_start
 .text.thrd_start_scheduler
                0x000000000c0054f0       0x1c spm/libtfm_spm.a(thread.o)
                0x000000000c0054f0                thrd_start_scheduler
 .text.arch_non_preempt_call
                0x000000000c00550c       0x64 spm/libtfm_spm.a(tfm_arch_v8m_main.o)
                0x000000000c00550c                arch_non_preempt_call
 .text.PendSV_Handler
                0x000000000c005570       0x52 spm/libtfm_spm.a(tfm_arch_v8m_main.o)
                0x000000000c005570                PendSV_Handler
 *fill*         0x000000000c0055c2        0x2 
 .text.SVC_Handler
                0x000000000c0055c4       0x68 spm/libtfm_spm.a(tfm_arch_v8m_main.o)
                0x000000000c0055c4                SVC_Handler
 .text.tfm_arch_set_secure_exception_priorities
                0x000000000c00562c       0x28 spm/libtfm_spm.a(tfm_arch_v8m_main.o)
                0x000000000c00562c                tfm_arch_set_secure_exception_priorities
 .text.tfm_arch_config_extensions
                0x000000000c005654        0x2 spm/libtfm_spm.a(tfm_arch_v8m_main.o)
                0x000000000c005654                tfm_arch_config_extensions
 *fill*         0x000000000c005656        0x2 
 .text.tfm_hal_irq_enable
                0x000000000c005658       0x20 spm/libtfm_spm.a(tfm_hal_nvic.o)
                0x000000000c005658                tfm_hal_irq_enable
 .text.tfm_hal_irq_disable
                0x000000000c005678       0x2c spm/libtfm_spm.a(tfm_hal_nvic.o)
                0x000000000c005678                tfm_hal_irq_disable
 .text.tfm_hal_irq_clear_pending
                0x000000000c0056a4       0x24 spm/libtfm_spm.a(tfm_hal_nvic.o)
                0x000000000c0056a4                tfm_hal_irq_clear_pending
 .text.ns_agent_tz_main
                0x000000000c0056c8       0x30 spm/libtfm_spm.a(ns_agent_tz_v80m.o)
                0x000000000c0056c8                ns_agent_tz_main
 .text.tfm_idle_thread
                0x000000000c0056f8       0x14 spm/libtfm_spm.a(idle_partition.o)
                0x000000000c0056f8                tfm_idle_thread
 .text.tfm_hal_set_up_static_boundaries
                0x000000000c00570c       0x22 spm/libtfm_spm.a(tfm_hal_isolation.o)
                0x000000000c00570c                tfm_hal_set_up_static_boundaries
 .text.tfm_hal_bind_boundary
                0x000000000c00572e       0x4c spm/libtfm_spm.a(tfm_hal_isolation.o)
                0x000000000c00572e                tfm_hal_bind_boundary
 .text.tfm_hal_activate_boundary
                0x000000000c00577a       0x1c spm/libtfm_spm.a(tfm_hal_isolation.o)
                0x000000000c00577a                tfm_hal_activate_boundary
 .text.tfm_hal_memory_check
                0x000000000c005796       0x56 spm/libtfm_spm.a(tfm_hal_isolation.o)
                0x000000000c005796                tfm_hal_memory_check
 .text.tfm_hal_boundary_need_switch
                0x000000000c0057ec       0x1a spm/libtfm_spm.a(tfm_hal_isolation.o)
                0x000000000c0057ec                tfm_hal_boundary_need_switch
 .text.tfm_hal_platform_init
                0x000000000c005806       0x18 spm/libtfm_spm.a(tfm_hal_platform.o)
                0x000000000c005806                tfm_hal_platform_init
 *fill*         0x000000000c00581e        0x2 
 .text.tfm_hal_get_ns_VTOR
                0x000000000c005820        0xc spm/libtfm_spm.a(tfm_hal_platform.o)
                0x000000000c005820                tfm_hal_get_ns_VTOR
 .text.tfm_hal_get_ns_MSP
                0x000000000c00582c        0xc spm/libtfm_spm.a(tfm_hal_platform.o)
                0x000000000c00582c                tfm_hal_get_ns_MSP
 .text.tfm_hal_get_ns_entry_point
                0x000000000c005838        0xc spm/libtfm_spm.a(tfm_hal_platform.o)
                0x000000000c005838                tfm_hal_get_ns_entry_point
 .text.tfm_core_validate_boot_data
                0x000000000c005844        0xc spm/libtfm_spm.a(tfm_boot_data.o)
                0x000000000c005844                tfm_core_validate_boot_data
 .text.tfm_core_get_boot_data_handler
                0x000000000c005850       0x38 spm/libtfm_spm.a(tfm_boot_data.o)
                0x000000000c005850                tfm_core_get_boot_data_handler
 .text.tfm_arch_free_msp_and_exc_ret
                0x000000000c005888        0x8 spm/libtfm_spm.a(tfm_arch.o)
                0x000000000c005888                tfm_arch_free_msp_and_exc_ret
 .text.tfm_arch_set_context_ret_code
                0x000000000c005890       0x14 spm/libtfm_spm.a(tfm_arch.o)
                0x000000000c005890                tfm_arch_set_context_ret_code
 .text.tfm_arch_trigger_pendsv
                0x000000000c0058a4       0x18 spm/libtfm_spm.a(tfm_arch.o)
                0x000000000c0058a4                tfm_arch_trigger_pendsv
 .text.tfm_arch_init_context
                0x000000000c0058bc       0x54 spm/libtfm_spm.a(tfm_arch.o)
                0x000000000c0058bc                tfm_arch_init_context
 .text.tfm_arch_refresh_hardware_context
                0x000000000c005910       0x12 spm/libtfm_spm.a(tfm_arch.o)
                0x000000000c005910                tfm_arch_refresh_hardware_context
 *fill*         0x000000000c005922        0x2 
 .text.connection_to_handle
                0x000000000c005924       0x20 spm/libtfm_spm.a(spm_ipc.o)
                0x000000000c005924                connection_to_handle
 .text.handle_to_connection
                0x000000000c005944       0x10 spm/libtfm_spm.a(spm_ipc.o)
                0x000000000c005944                handle_to_connection
 .text.spm_allocate_connection
                0x000000000c005954       0x20 spm/libtfm_spm.a(spm_ipc.o)
                0x000000000c005954                spm_allocate_connection
 .text.spm_validate_connection
                0x000000000c005974       0x1c spm/libtfm_spm.a(spm_ipc.o)
                0x000000000c005974                spm_validate_connection
 .text.spm_free_connection
                0x000000000c005990       0x1c spm/libtfm_spm.a(spm_ipc.o)
                0x000000000c005990                spm_free_connection
 .text.spm_get_handle_by_signal
                0x000000000c0059ac       0x4e spm/libtfm_spm.a(spm_ipc.o)
                0x000000000c0059ac                spm_get_handle_by_signal
 *fill*         0x000000000c0059fa        0x2 
 .text.tfm_spm_get_service_by_sid
                0x000000000c0059fc       0x2c spm/libtfm_spm.a(spm_ipc.o)
                0x000000000c0059fc                tfm_spm_get_service_by_sid
 .text.tfm_spm_check_client_version
                0x000000000c005a28       0x24 spm/libtfm_spm.a(spm_ipc.o)
                0x000000000c005a28                tfm_spm_check_client_version
 .text.tfm_spm_check_authorization
                0x000000000c005a4c       0x44 spm/libtfm_spm.a(spm_ipc.o)
                0x000000000c005a4c                tfm_spm_check_authorization
 .text.spm_get_client_connection
                0x000000000c005a90       0x20 spm/libtfm_spm.a(spm_ipc.o)
                0x000000000c005a90                spm_get_client_connection
 .text.spm_fill_message
                0x000000000c005ab0       0x34 spm/libtfm_spm.a(spm_ipc.o)
                0x000000000c005ab0                spm_fill_message
 .text.tfm_spm_partition_get_running_partition_id
                0x000000000c005ae4       0x20 spm/libtfm_spm.a(spm_ipc.o)
                0x000000000c005ae4                tfm_spm_partition_get_running_partition_id
 .text.spm_msg_handle_to_connection
                0x000000000c005b04       0x28 spm/libtfm_spm.a(spm_ipc.o)
                0x000000000c005b04                spm_msg_handle_to_connection
 .text.tfm_spm_is_ns_caller
                0x000000000c005b2c       0x20 spm/libtfm_spm.a(spm_ipc.o)
                0x000000000c005b2c                tfm_spm_is_ns_caller
 .text.tfm_spm_get_client_id
                0x000000000c005b4c       0x20 spm/libtfm_spm.a(spm_ipc.o)
                0x000000000c005b4c                tfm_spm_get_client_id
 .text.tfm_spm_init
                0x000000000c005b6c       0x74 spm/libtfm_spm.a(spm_ipc.o)
                0x000000000c005b6c                tfm_spm_init
 .text.update_caller_outvec_len
                0x000000000c005be0       0x28 spm/libtfm_spm.a(spm_ipc.o)
                0x000000000c005be0                update_caller_outvec_len
 .text.cross_call_entering_c
                0x000000000c005c08       0x2c spm/libtfm_spm.a(spm_cross_call.o)
                0x000000000c005c08                cross_call_entering_c
 .text.cross_call_exiting_c
                0x000000000c005c34       0x30 spm/libtfm_spm.a(spm_cross_call.o)
                0x000000000c005c34                cross_call_exiting_c
 .text.spm_interface_cross_dispatcher
                0x000000000c005c64       0x3c spm/libtfm_spm.a(spm_cross_call.o)
                0x000000000c005c64                spm_interface_cross_dispatcher
 .text.load_a_partition_assuredly
                0x000000000c005ca0       0xd8 spm/libtfm_spm.a(rom_loader.o)
                0x000000000c005ca0                load_a_partition_assuredly
 .text.load_services_assuredly
                0x000000000c005d78       0xd0 spm/libtfm_spm.a(rom_loader.o)
                0x000000000c005d78                load_services_assuredly
 .text.load_irqs_assuredly
                0x000000000c005e48       0x7e spm/libtfm_spm.a(rom_loader.o)
                0x000000000c005e48                load_irqs_assuredly
 .text.spm_handle_programmer_errors
                0x000000000c005ec6       0x18 spm/libtfm_spm.a(psa_api.o)
                0x000000000c005ec6                spm_handle_programmer_errors
 .text.tfm_spm_get_lifecycle_state
                0x000000000c005ede        0x4 spm/libtfm_spm.a(psa_api.o)
                0x000000000c005ede                tfm_spm_get_lifecycle_state
 *fill*         0x000000000c005ee2        0x2 
 .text.tfm_spm_partition_psa_wait
                0x000000000c005ee4       0x38 spm/libtfm_spm.a(psa_api.o)
                0x000000000c005ee4                tfm_spm_partition_psa_wait
 .text.tfm_spm_partition_psa_get
                0x000000000c005f1c       0x64 spm/libtfm_spm.a(psa_api.o)
                0x000000000c005f1c                tfm_spm_partition_psa_get
 .text.tfm_spm_partition_psa_reply
                0x000000000c005f80       0x9a spm/libtfm_spm.a(psa_api.o)
                0x000000000c005f80                tfm_spm_partition_psa_reply
 .text.tfm_spm_partition_psa_panic
                0x000000000c00601a        0x4 spm/libtfm_spm.a(psa_api.o)
                0x000000000c00601a                tfm_spm_partition_psa_panic
 .text.query_state
                0x000000000c00601e       0x40 spm/libtfm_spm.a(backend_ipc.o)
 *fill*         0x000000000c00605e        0x2 
 .text.backend_init_comp_assuredly
                0x000000000c006060       0xec spm/libtfm_spm.a(backend_ipc.o)
                0x000000000c006060                backend_init_comp_assuredly
 .text.backend_system_run
                0x000000000c00614c       0x44 spm/libtfm_spm.a(backend_ipc.o)
                0x000000000c00614c                backend_system_run
 .text.backend_wait_signals
                0x000000000c006190       0x20 spm/libtfm_spm.a(backend_ipc.o)
                0x000000000c006190                backend_wait_signals
 .text.backend_assert_signal
                0x000000000c0061b0       0x20 spm/libtfm_spm.a(backend_ipc.o)
                0x000000000c0061b0                backend_assert_signal
 .text.backend_messaging
                0x000000000c0061d0       0x34 spm/libtfm_spm.a(backend_ipc.o)
                0x000000000c0061d0                backend_messaging
 .text.backend_replying
                0x000000000c006204       0x10 spm/libtfm_spm.a(backend_ipc.o)
                0x000000000c006204                backend_replying
 .text.ipc_schedule
                0x000000000c006214       0x80 spm/libtfm_spm.a(backend_ipc.o)
                0x000000000c006214                ipc_schedule
 .text.tfm_pool_init
                0x000000000c006294       0x5c spm/libtfm_spm.a(tfm_pools.o)
                0x000000000c006294                tfm_pool_init
 .text.tfm_pool_alloc
                0x000000000c0062f0       0x16 spm/libtfm_spm.a(tfm_pools.o)
                0x000000000c0062f0                tfm_pool_alloc
 .text.tfm_pool_free
                0x000000000c006306        0xc spm/libtfm_spm.a(tfm_pools.o)
                0x000000000c006306                tfm_pool_free
 .text.is_valid_chunk_data_in_pool
                0x000000000c006312       0x28 spm/libtfm_spm.a(tfm_pools.o)
                0x000000000c006312                is_valid_chunk_data_in_pool
 .text.tfm_nspm_get_current_client_id
                0x000000000c00633a        0x6 spm/libtfm_spm.a(tfm_spm_ns_ctx.o)
                0x000000000c00633a                tfm_nspm_get_current_client_id
 .text.tfm_nspm_ctx_init
                0x000000000c006340       0x18 spm/libtfm_spm.a(tfm_spm_ns_ctx.o)
                0x000000000c006340                tfm_nspm_ctx_init
 .text.nvic_interrupt_target_state_cfg
                0x000000000c006358       0x20 spm/libtfm_spm.a(target_cfg.o)
                0x000000000c006358                nvic_interrupt_target_state_cfg
 .text.pinmux_init_cfg
                0x000000000c006378       0xd4 spm/libtfm_spm.a(target_cfg.o)
                0x000000000c006378                pinmux_init_cfg
 .text.sau_and_idau_cfg
                0x000000000c00644c       0xdc spm/libtfm_spm.a(target_cfg.o)
                0x000000000c00644c                sau_and_idau_cfg
 .text.unsecure_sram1
                0x000000000c006528       0x88 spm/libtfm_spm.a(target_cfg.o)
                0x000000000c006528                unsecure_sram1
 .text.lock_sram_config
                0x000000000c0065b0       0x26 spm/libtfm_spm.a(target_cfg.o)
                0x000000000c0065b0                lock_sram_config
 *fill*         0x000000000c0065d6        0x2 
 .text.gtzc_init_cfg
                0x000000000c0065d8       0x60 spm/libtfm_spm.a(target_cfg.o)
                0x000000000c0065d8                gtzc_init_cfg
 .text.tfm_spm_client_psa_call
                0x000000000c006638      0x22c spm/libtfm_spm.a(psa_call_api.o)
                0x000000000c006638                tfm_spm_client_psa_call
 .text.tfm_spm_client_psa_framework_version
                0x000000000c006864        0x6 spm/libtfm_spm.a(psa_version_api.o)
                0x000000000c006864                tfm_spm_client_psa_framework_version
 .text.tfm_spm_client_psa_version
                0x000000000c00686a       0x2c spm/libtfm_spm.a(psa_version_api.o)
                0x000000000c00686a                tfm_spm_client_psa_version
 *fill*         0x000000000c006896        0x2 
 .text.tfm_spm_partition_psa_read
                0x000000000c006898       0x78 spm/libtfm_spm.a(psa_read_write_skip_api.o)
                0x000000000c006898                tfm_spm_partition_psa_read
 .text.tfm_spm_partition_psa_skip
                0x000000000c006910       0x46 spm/libtfm_spm.a(psa_read_write_skip_api.o)
                0x000000000c006910                tfm_spm_partition_psa_skip
 *fill*         0x000000000c006956        0x2 
 .text.tfm_spm_partition_psa_write
                0x000000000c006958       0x78 spm/libtfm_spm.a(psa_read_write_skip_api.o)
                0x000000000c006958                tfm_spm_partition_psa_write
 .text.tfm_spm_client_psa_connect
                0x000000000c0069d0       0x88 spm/libtfm_spm.a(psa_connection_api.o)
                0x000000000c0069d0                tfm_spm_client_psa_connect
 .text.tfm_spm_client_psa_close
                0x000000000c006a58       0x54 spm/libtfm_spm.a(psa_connection_api.o)
                0x000000000c006a58                tfm_spm_client_psa_close
 .text.tfm_spm_partition_psa_set_rhandle
                0x000000000c006aac       0x24 spm/libtfm_spm.a(psa_connection_api.o)
                0x000000000c006aac                tfm_spm_partition_psa_set_rhandle
 .text.tfm_spm_partition_psa_irq_enable
                0x000000000c006ad0       0x28 spm/libtfm_spm.a(psa_irq_api.o)
                0x000000000c006ad0                tfm_spm_partition_psa_irq_enable
 .text.tfm_spm_partition_psa_irq_disable
                0x000000000c006af8       0x28 spm/libtfm_spm.a(psa_irq_api.o)
                0x000000000c006af8                tfm_spm_partition_psa_irq_disable
 .text.tfm_spm_partition_psa_eoi
                0x000000000c006b20       0x58 spm/libtfm_spm.a(psa_irq_api.o)
                0x000000000c006b20                tfm_spm_partition_psa_eoi
 *libplatform_s*:*(.rodata*)
 .rodata.AHBPrescTable
                0x000000000c006b78       0x10 ../platform/libplatform_s.a(system_stm32l5xx.o)
                0x000000000c006b78                AHBPrescTable
 .rodata.APBPrescTable
                0x000000000c006b88        0x8 ../platform/libplatform_s.a(system_stm32l5xx.o)
                0x000000000c006b88                APBPrescTable
 .rodata.MSIRangeTable
                0x000000000c006b90       0x40 ../platform/libplatform_s.a(system_stm32l5xx.o)
                0x000000000c006b90                MSIRangeTable
 .rodata.ARM_FLASH0_DEV_DATA
                0x000000000c006bd0       0x18 ../platform/libplatform_s.a(low_level_flash.o)
 .rodata.DriverVersion
                0x000000000c006be8        0x4 ../platform/libplatform_s.a(low_level_flash.o)
 .rodata.TFM_Driver_FLASH0
                0x000000000c006bec       0x2c ../platform/libplatform_s.a(low_level_flash.o)
                0x000000000c006bec                TFM_Driver_FLASH0
 .rodata.assembly_and_test_prov_data
                0x000000000c006c18       0x24 ../platform/libplatform_s.a(provisioning.o)
 .rodata.psa_rot_prov_data
                0x000000000c006c3c      0x10c ../platform/libplatform_s.a(provisioning.o)
 .rodata.DriverVersion
                0x000000000c006d48        0x4 ../platform/libplatform_s.a(low_level_com.o)
 .rodata.Driver_USART0
                0x000000000c006d4c       0x38 ../platform/libplatform_s.a(low_level_com.o)
                0x000000000c006d4c                Driver_USART0
 .rodata.CSWTCH.58
                0x000000000c006d84        0x3 ../platform/libplatform_s.a(stm32l5xx_hal_uart.o)
 .rodata.CSWTCH.59
                0x000000000c006d87        0xd ../platform/libplatform_s.a(stm32l5xx_hal_uart.o)
 .rodata.UARTPrescTable
                0x000000000c006d94       0x18 ../platform/libplatform_s.a(stm32l5xx_hal_uart.o)
                0x000000000c006d94                UARTPrescTable
 .rodata.data_width_byte